Archive member included to satisfy reference by file (symbol)

c:/program files (x86)/atmel/studio/7.0/toolchain/arm/arm-gnu-toolchain/bin/../lib/gcc/arm-none-eabi/6.3.1/thumb/v7e-m\libgcc.a(_aeabi_uldivmod.o)
                              src/main.o (__aeabi_uldivmod)
c:/program files (x86)/atmel/studio/7.0/toolchain/arm/arm-gnu-toolchain/bin/../lib/gcc/arm-none-eabi/6.3.1/thumb/v7e-m\libgcc.a(_udivmoddi4.o)
                              c:/program files (x86)/atmel/studio/7.0/toolchain/arm/arm-gnu-toolchain/bin/../lib/gcc/arm-none-eabi/6.3.1/thumb/v7e-m\libgcc.a(_aeabi_uldivmod.o) (__udivmoddi4)
c:/program files (x86)/atmel/studio/7.0/toolchain/arm/arm-gnu-toolchain/bin/../lib/gcc/arm-none-eabi/6.3.1/thumb/v7e-m\libgcc.a(_dvmd_tls.o)
                              c:/program files (x86)/atmel/studio/7.0/toolchain/arm/arm-gnu-toolchain/bin/../lib/gcc/arm-none-eabi/6.3.1/thumb/v7e-m\libgcc.a(_aeabi_uldivmod.o) (__aeabi_ldiv0)
c:/program files (x86)/atmel/studio/7.0/toolchain/arm/arm-gnu-toolchain/bin/../lib/gcc/arm-none-eabi/6.3.1/../../../../arm-none-eabi/lib/thumb/v7e-m\libc.a(lib_a-exit.o)
                              c:/program files (x86)/atmel/studio/7.0/toolchain/arm/arm-gnu-toolchain/bin/../lib/gcc/arm-none-eabi/6.3.1/../../../../arm-none-eabi/lib/thumb/v7e-m/crt0.o (exit)
c:/program files (x86)/atmel/studio/7.0/toolchain/arm/arm-gnu-toolchain/bin/../lib/gcc/arm-none-eabi/6.3.1/../../../../arm-none-eabi/lib/thumb/v7e-m\libc.a(lib_a-impure.o)
                              c:/program files (x86)/atmel/studio/7.0/toolchain/arm/arm-gnu-toolchain/bin/../lib/gcc/arm-none-eabi/6.3.1/../../../../arm-none-eabi/lib/thumb/v7e-m\libc.a(lib_a-exit.o) (_global_impure_ptr)
c:/program files (x86)/atmel/studio/7.0/toolchain/arm/arm-gnu-toolchain/bin/../lib/gcc/arm-none-eabi/6.3.1/../../../../arm-none-eabi/lib/thumb/v7e-m\libc.a(lib_a-init.o)
                              c:/program files (x86)/atmel/studio/7.0/toolchain/arm/arm-gnu-toolchain/bin/../lib/gcc/arm-none-eabi/6.3.1/../../../../arm-none-eabi/lib/thumb/v7e-m/crt0.o (__libc_init_array)
c:/program files (x86)/atmel/studio/7.0/toolchain/arm/arm-gnu-toolchain/bin/../lib/gcc/arm-none-eabi/6.3.1/../../../../arm-none-eabi/lib/thumb/v7e-m\libc.a(lib_a-memcpy.o)
                              src/ASF/sam/services/flash_efc/flash_efc.o (memcpy)
c:/program files (x86)/atmel/studio/7.0/toolchain/arm/arm-gnu-toolchain/bin/../lib/gcc/arm-none-eabi/6.3.1/../../../../arm-none-eabi/lib/thumb/v7e-m\libc.a(lib_a-memset.o)
                              c:/program files (x86)/atmel/studio/7.0/toolchain/arm/arm-gnu-toolchain/bin/../lib/gcc/arm-none-eabi/6.3.1/../../../../arm-none-eabi/lib/thumb/v7e-m/crt0.o (memset)
c:/program files (x86)/atmel/studio/7.0/toolchain/arm/arm-gnu-toolchain/bin/../lib/gcc/arm-none-eabi/6.3.1/../../../../arm-none-eabi/lib/thumb/v7e-m\libc.a(lib_a-__call_atexit.o)
                              c:/program files (x86)/atmel/studio/7.0/toolchain/arm/arm-gnu-toolchain/bin/../lib/gcc/arm-none-eabi/6.3.1/../../../../arm-none-eabi/lib/thumb/v7e-m\libc.a(lib_a-exit.o) (__call_exitprocs)
c:/program files (x86)/atmel/studio/7.0/toolchain/arm/arm-gnu-toolchain/bin/../lib/gcc/arm-none-eabi/6.3.1/../../../../arm-none-eabi/lib/thumb/v7e-m\libc.a(lib_a-atexit.o)
                              c:/program files (x86)/atmel/studio/7.0/toolchain/arm/arm-gnu-toolchain/bin/../lib/gcc/arm-none-eabi/6.3.1/../../../../arm-none-eabi/lib/thumb/v7e-m\libc.a(lib_a-__call_atexit.o) (atexit)
c:/program files (x86)/atmel/studio/7.0/toolchain/arm/arm-gnu-toolchain/bin/../lib/gcc/arm-none-eabi/6.3.1/../../../../arm-none-eabi/lib/thumb/v7e-m\libc.a(lib_a-fini.o)
                              c:/program files (x86)/atmel/studio/7.0/toolchain/arm/arm-gnu-toolchain/bin/../lib/gcc/arm-none-eabi/6.3.1/../../../../arm-none-eabi/lib/thumb/v7e-m\libc.a(lib_a-__call_atexit.o) (__libc_fini_array)
c:/program files (x86)/atmel/studio/7.0/toolchain/arm/arm-gnu-toolchain/bin/../lib/gcc/arm-none-eabi/6.3.1/../../../../arm-none-eabi/lib/thumb/v7e-m\libc.a(lib_a-lock.o)
                              c:/program files (x86)/atmel/studio/7.0/toolchain/arm/arm-gnu-toolchain/bin/../lib/gcc/arm-none-eabi/6.3.1/../../../../arm-none-eabi/lib/thumb/v7e-m\libc.a(lib_a-__call_atexit.o) (__retarget_lock_acquire_recursive)
c:/program files (x86)/atmel/studio/7.0/toolchain/arm/arm-gnu-toolchain/bin/../lib/gcc/arm-none-eabi/6.3.1/../../../../arm-none-eabi/lib/thumb/v7e-m\libc.a(lib_a-__atexit.o)
                              c:/program files (x86)/atmel/studio/7.0/toolchain/arm/arm-gnu-toolchain/bin/../lib/gcc/arm-none-eabi/6.3.1/../../../../arm-none-eabi/lib/thumb/v7e-m\libc.a(lib_a-atexit.o) (__register_exitproc)

Allocating common symbols
Common symbol       size              file

__lock___atexit_recursive_mutex
[...]
Memory Configuration

Name             Origin             Length             Attributes
rom              0x00400000         0x00200000         xr
ram              0x20400000         0x00060000         xrw
*default*        0x00000000         0xffffffff

Linker script and memory map

LOAD c:/program files (x86)/atmel/studio/7.0/toolchain/arm/arm-gnu-toolchain/bin/../lib/gcc/arm-none-eabi/6.3.1/thumb/v7e-m/crti.o
LOAD c:/program files (x86)/atmel/studio/7.0/toolchain/arm/arm-gnu-toolchain/bin/../lib/gcc/arm-none-eabi/6.3.1/thumb/v7e-m/crtbegin.o
LOAD c:/program files (x86)/atmel/studio/7.0/toolchain/arm/arm-gnu-toolchain/bin/../lib/gcc/arm-none-eabi/6.3.1/../../../../arm-none-eabi/lib/thumb/v7e-m/crt0.o
LOAD src/ASF/common/services/clock/same70/sysclk.o
LOAD src/ASF/common/services/delay/sam/cycle_counter.o
LOAD src/ASF/common/services/serial/usart_serial.o
LOAD src/ASF/common/services/sleepmgr/sam/sleepmgr.o
LOAD src/ASF/common/services/spi/sam_spi/spi_master.o
LOAD src/ASF/common/utils/interrupt/interrupt_sam_nvic.o
LOAD src/ASF/common/utils/stdio/read.o
LOAD src/ASF/common/utils/stdio/write.o
LOAD src/ASF/sam/boards/same70_xplained/init.o
LOAD src/ASF/sam/components/display/ili9488/ili9488.o
LOAD src/ASF/sam/drivers/afec/afec.o
LOAD src/ASF/sam/drivers/efc/efc.o
LOAD src/ASF/sam/drivers/mpu/mpu.o
LOAD src/ASF/sam/drivers/pio/pio.o
LOAD src/ASF/sam/drivers/pio/pio_handler.o
LOAD src/ASF/sam/drivers/pmc/pmc.o
LOAD src/ASF/sam/drivers/pmc/sleep.o
LOAD src/ASF/sam/drivers/rtc/rtc.o
LOAD src/ASF/sam/drivers/rtt/rtt.o
LOAD src/ASF/sam/drivers/sdramc/sdramc.o
LOAD src/ASF/sam/drivers/spi/spi.o
LOAD src/ASF/sam/drivers/tc/tc.o
LOAD src/ASF/sam/drivers/uart/uart.o
LOAD src/ASF/sam/drivers/usart/usart.o
LOAD src/ASF/sam/services/flash_efc/flash_efc.o
LOAD src/ASF/sam/utils/cmsis/same70/source/templates/gcc/startup_same70.o
LOAD src/ASF/sam/utils/cmsis/same70/source/templates/system_same70.o
LOAD src/ASF/sam/utils/syscalls/gcc/syscalls.o
LOAD src/main.o
START GROUP
LOAD ../src/ASF/thirdparty/CMSIS/Lib/GCC\libarm_cortexM7lfsp_math_softfp.a
LOAD c:/program files (x86)/atmel/studio/7.0/toolchain/arm/arm-gnu-toolchain/bin/../lib/gcc/arm-none-eabi/6.3.1/../../../../arm-none-eabi/lib/thumb/v7e-m\libm.a
END GROUP
START GROUP
LOAD c:/program files (x86)/atmel/studio/7.0/toolchain/arm/arm-gnu-toolchain/bin/../lib/gcc/arm-none-eabi/6.3.1/thumb/v7e-m\libgcc.a
LOAD c:/program files (x86)/atmel/studio/7.0/toolchain/arm/arm-gnu-toolchain/bin/../lib/gcc/arm-none-eabi/6.3.1/../../../../arm-none-eabi/lib/thumb/v7e-m\libc.a
END GROUP
LOAD c:/program files (x86)/atmel/studio/7.0/toolchain/arm/arm-gnu-toolchain/bin/../lib/gcc/arm-none-eabi/6.3.1/thumb/v7e-m/crtend.o
LOAD c:/program files (x86)/atmel/studio/7.0/toolchain/arm/arm-gnu-toolchain/bin/../lib/gcc/arm-none-eabi/6.3.1/thumb/v7e-m/crtn.o
                0x00002000                STACK_SIZE = DEFINED (STACK_SIZE)?STACK_SIZE:0x2000
                0x2045fffc                __ram_end__ = ((ORIGIN (ram) + LENGTH (ram)) - 0x4)
                0x00000200                HEAP_SIZE = DEFINED (HEAP_SIZE)?HEAP_SIZE:0x200

.text           0x00400000     0x1fc4
                0x00400000                . = ALIGN (0x4)
                0x00400000                _sfixed = .
 *(.vectors .vectors.*)
 .vectors       0x00400000      0x168 src/ASF/sam/utils/cmsis/same70/source/templates/gcc/startup_same70.o
                0x00400000                exception_table
 *(.text .text.* .gnu.linkonce.t.*)
 .text          0x00400168       0x6c c:/program files (x86)/atmel/studio/7.0/toolchain/arm/arm-gnu-toolchain/bin/../lib/gcc/arm-none-eabi/6.3.1/thumb/v7e-m/crtbegin.o
 .text.osc_enable
                0x004001d4       0x88 src/ASF/common/services/clock/same70/sysclk.o
 .text.osc_is_ready
                0x0040025c       0x70 src/ASF/common/services/clock/same70/sysclk.o
 .text.osc_get_rate
                0x004002cc       0x74 src/ASF/common/services/clock/same70/sysclk.o
 .text.osc_wait_ready
                0x00400340       0x2c src/ASF/common/services/clock/same70/sysclk.o
 .text.pll_config_init
                0x0040036c       0x6c src/ASF/common/services/clock/same70/sysclk.o
 .text.pll_enable
                0x004003d8       0x40 src/ASF/common/services/clock/same70/sysclk.o
 .text.pll_is_locked
                0x00400418       0x2c src/ASF/common/services/clock/same70/sysclk.o
 .text.pll_enable_source
                0x00400444       0x38 src/ASF/common/services/clock/same70/sysclk.o
 .text.pll_wait_for_lock
                0x0040047c       0x24 src/ASF/common/services/clock/same70/sysclk.o
 .text.sysclk_get_main_hz
                0x004004a0       0x20 src/ASF/common/services/clock/same70/sysclk.o
 .text.sysclk_get_cpu_hz
                0x004004c0       0x14 src/ASF/common/services/clock/same70/sysclk.o
 .text.sysclk_init
                0x004004d4       0x7c src/ASF/common/services/clock/same70/sysclk.o
                0x004004d4                sysclk_init
 .text.afec_get_interrupt_status
                0x00400550       0x18 src/ASF/sam/drivers/afec/afec.o
 .text.afec_get_interrupt_mask
                0x00400568       0x18 src/ASF/sam/drivers/afec/afec.o
 .text.afec_find_inst_num
                0x00400580       0x38 src/ASF/sam/drivers/afec/afec.o
 .text.afec_interrupt
                0x004005b8       0x3c src/ASF/sam/drivers/afec/afec.o
 .text.afec_process_callback
                0x004005f4       0xbc src/ASF/sam/drivers/afec/afec.o
 .text.AFEC0_Handler
                0x004006b0       0x18 src/ASF/sam/drivers/afec/afec.o
                0x004006b0                AFEC0_Handler
 .text.AFEC1_Handler
                0x004006c8       0x18 src/ASF/sam/drivers/afec/afec.o
                0x004006c8                AFEC1_Handler
 .text.pio_pull_up
                0x004006e0       0x2c src/ASF/sam/drivers/pio/pio.o
                0x004006e0                pio_pull_up
 .text.pio_set_debounce_filter
                0x0040070c       0x38 src/ASF/sam/drivers/pio/pio.o
                0x0040070c                pio_set_debounce_filter
 .text.pio_set  0x00400744       0x1c src/ASF/sam/drivers/pio/pio.o
                0x00400744                pio_set
 .text.pio_clear
                0x00400760       0x1c src/ASF/sam/drivers/pio/pio.o
                0x00400760                pio_clear
 .text.pio_set_peripheral
                0x0040077c      0x110 src/ASF/sam/drivers/pio/pio.o
                0x0040077c                pio_set_peripheral
 .text.pio_set_input
                0x0040088c       0x80 src/ASF/sam/drivers/pio/pio.o
                0x0040088c                pio_set_input
 .text.pio_set_output
                0x0040090c       0x64 src/ASF/sam/drivers/pio/pio.o
                0x0040090c                pio_set_output
 .text.pio_configure
                0x00400970       0xcc src/ASF/sam/drivers/pio/pio.o
                0x00400970                pio_configure
 .text.pio_configure_interrupt
                0x00400a3c       0x6c src/ASF/sam/drivers/pio/pio.o
                0x00400a3c                pio_configure_interrupt
 .text.pio_enable_interrupt
                0x00400aa8       0x1c src/ASF/sam/drivers/pio/pio.o
                0x00400aa8                pio_enable_interrupt
 .text.pio_disable_interrupt
                0x00400ac4       0x1c src/ASF/sam/drivers/pio/pio.o
                0x00400ac4                pio_disable_interrupt
 .text.pio_get_interrupt_status
                0x00400ae0       0x18 src/ASF/sam/drivers/pio/pio.o
                0x00400ae0                pio_get_interrupt_status
 .text.pio_get_interrupt_mask
                0x00400af8       0x18 src/ASF/sam/drivers/pio/pio.o
                0x00400af8                pio_get_interrupt_mask
 .text.pio_handler_process
                0x00400b10       0xb4 src/ASF/sam/drivers/pio/pio_handler.o
                0x00400b10                pio_handler_process
 .text.pio_handler_set
                0x00400bc4       0xa0 src/ASF/sam/drivers/pio/pio_handler.o
                0x00400bc4                pio_handler_set
 .text.PIOA_Handler
                0x00400c64       0x18 src/ASF/sam/drivers/pio/pio_handler.o
                0x00400c64                PIOA_Handler
 .text.PIOB_Handler
                0x00400c7c       0x18 src/ASF/sam/drivers/pio/pio_handler.o
                0x00400c7c                PIOB_Handler
 .text.PIOC_Handler
                0x00400c94       0x18 src/ASF/sam/drivers/pio/pio_handler.o
                0x00400c94                PIOC_Handler
 .text.PIOD_Handler
                0x00400cac       0x18 src/ASF/sam/drivers/pio/pio_handler.o
                0x00400cac                PIOD_Handler
 .text.PIOE_Handler
                0x00400cc4       0x18 src/ASF/sam/drivers/pio/pio_handler.o
                0x00400cc4                PIOE_Handler
 .text.pmc_mck_set_division
                0x00400cdc       0x7c src/ASF/sam/drivers/pmc/pmc.o
                0x00400cdc                pmc_mck_set_division
 .text.pmc_switch_mck_to_pllack
                0x00400d58       0x84 src/ASF/sam/drivers/pmc/pmc.o
                0x00400d58                pmc_switch_mck_to_pllack
 .text.pmc_switch_sclk_to_32kxtal
                0x00400ddc       0x38 src/ASF/sam/drivers/pmc/pmc.o
                0x00400ddc                pmc_switch_sclk_to_32kxtal
 .text.pmc_osc_is_ready_32kxtal
                0x00400e14       0x34 src/ASF/sam/drivers/pmc/pmc.o
                0x00400e14                pmc_osc_is_ready_32kxtal
 .text.pmc_switch_mainck_to_fastrc
                0x00400e48       0x70 src/ASF/sam/drivers/pmc/pmc.o
                0x00400e48                pmc_switch_mainck_to_fastrc
 .text.pmc_switch_mainck_to_xtal
                0x00400eb8       0x78 src/ASF/sam/drivers/pmc/pmc.o
                0x00400eb8                pmc_switch_mainck_to_xtal
 .text.pmc_osc_is_ready_mainck
                0x00400f30       0x1c src/ASF/sam/drivers/pmc/pmc.o
                0x00400f30                pmc_osc_is_ready_mainck
 .text.pmc_disable_pllack
                0x00400f4c       0x1c src/ASF/sam/drivers/pmc/pmc.o
                0x00400f4c                pmc_disable_pllack
 .text.pmc_is_locked_pllack
                0x00400f68       0x1c src/ASF/sam/drivers/pmc/pmc.o
                0x00400f68                pmc_is_locked_pllack
 .text.pmc_is_locked_upll
                0x00400f84       0x1c src/ASF/sam/drivers/pmc/pmc.o
                0x00400f84                pmc_is_locked_upll
 .text.pmc_enable_periph_clk
                0x00400fa0       0x3c src/ASF/sam/drivers/pmc/pmc.o
                0x00400fa0                pmc_enable_periph_clk
 .text.pmc_set_flash_in_wait_mode
                0x00400fdc       0x20 src/ASF/sam/drivers/pmc/pmc.o
                0x00400fdc                pmc_set_flash_in_wait_mode
 .text.pmc_enable_waitmode
                0x00400ffc       0x90 src/ASF/sam/drivers/pmc/pmc.o
                0x00400ffc                pmc_enable_waitmode
 .text.pmc_sleep
                0x0040108c      0x398 src/ASF/sam/drivers/pmc/sleep.o
                0x0040108c                pmc_sleep
 .text.cpu_irq_save
                0x00401424       0x38 src/ASF/sam/utils/cmsis/same70/source/templates/gcc/startup_same70.o
 .text.cpu_irq_is_enabled_flags
                0x0040145c       0x20 src/ASF/sam/utils/cmsis/same70/source/templates/gcc/startup_same70.o
 .text.cpu_irq_restore
                0x0040147c       0x30 src/ASF/sam/utils/cmsis/same70/source/templates/gcc/startup_same70.o
 .text.Reset_Handler
                0x004014ac       0xb0 src/ASF/sam/utils/cmsis/same70/source/templates/gcc/startup_same70.o
                0x004014ac                Reset_Handler
 .text.Dummy_Handler
                0x0040155c        0x6 src/ASF/sam/utils/cmsis/same70/source/templates/gcc/startup_same70.o
                0x0040155c                DACC_Handler
                0x0040155c                DebugMon_Handler
                0x0040155c                UART3_Handler
                0x0040155c                UART2_Handler
                0x0040155c                TRNG_Handler
                0x0040155c                HardFault_Handler
                0x0040155c                TC2_Handler
                0x0040155c                SysTick_Handler
                0x0040155c                PendSV_Handler
                0x0040155c                NMI_Handler
                0x0040155c                TC7_Handler
                0x0040155c                QSPI_Handler
                0x0040155c                ISI_Handler
                0x0040155c                MCAN0_INT0_Handler
                0x0040155c                TC9_Handler
                0x0040155c                RSWDT_Handler
                0x0040155c                USART0_Handler
                0x0040155c                RTT_Handler
                0x0040155c                USBHS_Handler
                0x0040155c                IXC_Handler
                0x0040155c                CCF_Handler
                0x0040155c                RTC_Handler
                0x0040155c                UsageFault_Handler
                0x0040155c                TC6_Handler
                0x0040155c                WDT_Handler
                0x0040155c                MCAN1_INT1_Handler
                0x0040155c                TC4_Handler
                0x0040155c                TC1_Handler
                0x0040155c                HSMCI_Handler
                0x0040155c                UART1_Handler
                0x0040155c                TC3_Handler
                0x0040155c                Dummy_Handler
                0x0040155c                TWIHS1_Handler
                0x0040155c                XDMAC_Handler
                0x0040155c                UART4_Handler
                0x0040155c                PWM1_Handler
                0x0040155c                USART1_Handler
                0x0040155c                PWM0_Handler
                0x0040155c                CCW_Handler
                0x0040155c                TC11_Handler
                0x0040155c                SSC_Handler
                0x0040155c                ACC_Handler
                0x0040155c                PMC_Handler
                0x0040155c                GMAC_Handler
                0x0040155c                MCAN0_INT1_Handler
                0x0040155c                MemManage_Handler
                0x0040155c                SUPC_Handler
                0x0040155c                SVC_Handler
                0x0040155c                TC8_Handler
                0x0040155c                MCAN1_INT0_Handler
                0x0040155c                EFC_Handler
                0x0040155c                GMAC_Q1_Handler
                0x0040155c                USART2_Handler
                0x0040155c                SDRAMC_Handler
                0x0040155c                GMAC_Q2_Handler
                0x0040155c                SPI1_Handler
                0x0040155c                TC10_Handler
                0x0040155c                TWIHS2_Handler
                0x0040155c                UART0_Handler
                0x0040155c                FPU_Handler
                0x0040155c                BusFault_Handler
                0x0040155c                RSTC_Handler
                0x0040155c                TC0_Handler
                0x0040155c                TC5_Handler
                0x0040155c                AES_Handler
                0x0040155c                ICM_Handler
                0x0040155c                TWIHS0_Handler
                0x0040155c                SPI0_Handler
 *fill*         0x00401562        0x2 
 .text.SystemCoreClockUpdate
                0x00401564      0x168 src/ASF/sam/utils/cmsis/same70/source/templates/system_same70.o
                0x00401564                SystemCoreClockUpdate
 .text.system_init_flash
                0x004016cc       0xb0 src/ASF/sam/utils/cmsis/same70/source/templates/system_same70.o
                0x004016cc                system_init_flash
 .text.__NVIC_EnableIRQ
                0x0040177c       0x3c src/main.o
 .text.__NVIC_SetPriority
                0x004017b8       0x54 src/main.o
 .text.osc_get_rate
                0x0040180c       0x74 src/main.o
 .text.sysclk_get_main_hz
                0x00401880       0x20 src/main.o
 .text.sysclk_get_cpu_hz
                0x004018a0       0x14 src/main.o
 .text.but_callback
                0x004018b4       0x18 src/main.o
                0x004018b4                but_callback
 .text.pisca_led
                0x004018cc      0x160 src/main.o
                0x004018cc                pisca_led
 .text.io_init  0x00401a2c       0xa4 src/main.o
                0x00401a2c                io_init
 .text.main     0x00401ad0       0x4c src/main.o
                0x00401ad0                main
 .text          0x00401b1c       0x30 c:/program files (x86)/atmel/studio/7.0/toolchain/arm/arm-gnu-toolchain/bin/../lib/gcc/arm-none-eabi/6.3.1/thumb/v7e-m\libgcc.a(_aeabi_uldivmod.o)
                0x00401b1c                __aeabi_uldivmod
 .text          0x00401b4c      0x2dc c:/program files (x86)/atmel/studio/7.0/toolchain/arm/arm-gnu-toolchain/bin/../lib/gcc/arm-none-eabi/6.3.1/thumb/v7e-m\libgcc.a(_udivmoddi4.o)
                0x00401b4c                __udivmoddi4
 .text          0x00401e28        0x4 c:/program files (x86)/atmel/studio/7.0/toolchain/arm/arm-gnu-toolchain/bin/../lib/gcc/arm-none-eabi/6.3.1/thumb/v7e-m\libgcc.a(_dvmd_tls.o)
                0x00401e28                __aeabi_idiv0
                0x00401e28                __aeabi_ldiv0
 .text.__libc_init_array
                0x00401e2c       0x50 c:/program files (x86)/atmel/studio/7.0/toolchain/arm/arm-gnu-toolchain/bin/../lib/gcc/arm-none-eabi/6.3.1/../../../../arm-none-eabi/lib/thumb/v7e-m\libc.a(lib_a-init.o)
                0x00401e2c                __libc_init_array
 .text.startup.register_fini
                0x00401e7c       0x14 c:/program files (x86)/atmel/studio/7.0/toolchain/arm/arm-gnu-toolchain/bin/../lib/gcc/arm-none-eabi/6.3.1/../../../../arm-none-eabi/lib/thumb/v7e-m\libc.a(lib_a-__call_atexit.o)
 .text.atexit   0x00401e90        0xc c:/program files (x86)/atmel/studio/7.0/toolchain/arm/arm-gnu-toolchain/bin/../lib/gcc/arm-none-eabi/6.3.1/../../../../arm-none-eabi/lib/thumb/v7e-m\libc.a(lib_a-atexit.o)
                0x00401e90                atexit
 .text.__libc_fini_array
                0x00401e9c       0x34 c:/program files (x86)/atmel/studio/7.0/toolchain/arm/arm-gnu-toolchain/bin/../lib/gcc/arm-none-eabi/6.3.1/../../../../arm-none-eabi/lib/thumb/v7e-m\libc.a(lib_a-fini.o)
                0x00401e9c                __libc_fini_array
 .text.__retarget_lock_acquire_recursive
                0x00401ed0        0x4 c:/program files (x86)/atmel/studio/7.0/toolchain/arm/arm-gnu-toolchain/bin/../lib/gcc/arm-none-eabi/6.3.1/../../../../arm-none-eabi/lib/thumb/v7e-m\libc.a(lib_a-lock.o)
                0x00401ed0                __retarget_lock_acquire_recursive
 .text.__retarget_lock_release_recursive
                0x00401ed4        0x4 c:/program files (x86)/atmel/studio/7.0/toolchain/arm/arm-gnu-toolchain/bin/../lib/gcc/arm-none-eabi/6.3.1/../../../../arm-none-eabi/lib/thumb/v7e-m\libc.a(lib_a-lock.o)
                0x00401ed4                __retarget_lock_release_recursive
 .text.__register_exitproc
                0x00401ed8       0xc4 c:/program files (x86)/atmel/studio/7.0/toolchain/arm/arm-gnu-toolchain/bin/../lib/gcc/arm-none-eabi/6.3.1/../../../../arm-none-eabi/lib/thumb/v7e-m\libc.a(lib_a-__atexit.o)
                0x00401ed8                __register_exitproc
 *(.glue_7t)
 .glue_7t       0x00401f9c        0x0 linker stubs
 *(.glue_7)
 .glue_7        0x00401f9c        0x0 linker stubs
 *(.rodata .rodata* .gnu.linkonce.r.*)
 .rodata._global_impure_ptr
                0x00401f9c        0x4 c:/program files (x86)/atmel/studio/7.0/toolchain/arm/arm-gnu-toolchain/bin/../lib/gcc/arm-none-eabi/6.3.1/../../../../arm-none-eabi/lib/thumb/v7e-m\libc.a(lib_a-impure.o)
                0x00401f9c                _global_impure_ptr
 *(.ARM.extab* .gnu.linkonce.armextab.*)
                0x00401fa0                . = ALIGN (0x4)
 *(.init)
 .init          0x00401fa0        0x4 c:/program files (x86)/atmel/studio/7.0/toolchain/arm/arm-gnu-toolchain/bin/../lib/gcc/arm-none-eabi/6.3.1/thumb/v7e-m/crti.o
                0x00401fa0                _init
 .init          0x00401fa4        0x8 c:/program files (x86)/atmel/studio/7.0/toolchain/arm/arm-gnu-toolchain/bin/../lib/gcc/arm-none-eabi/6.3.1/thumb/v7e-m/crtn.o
                0x00401fac                . = ALIGN (0x4)
                0x00401fac                __preinit_array_start = .
 *(.preinit_array)
                0x00401fac                __preinit_array_end = .
                0x00401fac                . = ALIGN (0x4)
                0x00401fac                __init_array_start = .
 *(SORT(.init_array.*))
 .init_array.00000
                0x00401fac        0x4 c:/program files (x86)/atmel/studio/7.0/toolchain/arm/arm-gnu-toolchain/bin/../lib/gcc/arm-none-eabi/6.3.1/../../../../arm-none-eabi/lib/thumb/v7e-m\libc.a(lib_a-__call_atexit.o)
 *(.init_array)
 .init_array    0x00401fb0        0x4 c:/program files (x86)/atmel/studio/7.0/toolchain/arm/arm-gnu-toolchain/bin/../lib/gcc/arm-none-eabi/6.3.1/thumb/v7e-m/crtbegin.o
                0x00401fb4                __init_array_end = .
                0x00401fb4                . = ALIGN (0x4)
 *crtbegin.o(.ctors)
 *(EXCLUDE_FILE(*crtend.o) .ctors)
 *(SORT(.ctors.*))
 *crtend.o(.ctors)
                0x00401fb4                . = ALIGN (0x4)
 *(.fini)
 .fini          0x00401fb4        0x4 c:/program files (x86)/atmel/studio/7.0/toolchain/arm/arm-gnu-toolchain/bin/../lib/gcc/arm-none-eabi/6.3.1/thumb/v7e-m/crti.o
                0x00401fb4                _fini
 .fini          0x00401fb8        0x8 c:/program files (x86)/atmel/studio/7.0/toolchain/arm/arm-gnu-toolchain/bin/../lib/gcc/arm-none-eabi/6.3.1/thumb/v7e-m/crtn.o
                0x00401fc0                . = ALIGN (0x4)
                0x00401fc0                __fini_array_start = .
 *(.fini_array)
 .fini_array    0x00401fc0        0x4 c:/program files (x86)/atmel/studio/7.0/toolchain/arm/arm-gnu-toolchain/bin/../lib/gcc/arm-none-eabi/6.3.1/thumb/v7e-m/crtbegin.o
 *(SORT(.fini_array.*))
                0x00401fc4                __fini_array_end = .
 *crtbegin.o(.dtors)
 *(EXCLUDE_FILE(*crtend.o) .dtors)
 *(SORT(.dtors.*))
 *crtend.o(.dtors)
                0x00401fc4                . = ALIGN (0x4)
                0x00401fc4                _efixed = .
                [!provide]                PROVIDE (__exidx_start, .)

.vfp11_veneer   0x00401fc4        0x0
 .vfp11_veneer  0x00401fc4        0x0 linker stubs

.v4_bx          0x00401fc4        0x0
 .v4_bx         0x00401fc4        0x0 linker stubs

.iplt           0x00401fc4        0x0
 .iplt          0x00401fc4        0x0 c:/program files (x86)/atmel/studio/7.0/toolchain/arm/arm-gnu-toolchain/bin/../lib/gcc/arm-none-eabi/6.3.1/thumb/v7e-m/crtbegin.o

.ARM.exidx      0x00401fc4        0x8
 *(.ARM.exidx* .gnu.linkonce.armexidx.*)
 .ARM.exidx     0x00401fc4        0x8 c:/program files (x86)/atmel/studio/7.0/toolchain/arm/arm-gnu-toolchain/bin/../lib/gcc/arm-none-eabi/6.3.1/thumb/v7e-m\libgcc.a(_udivmoddi4.o)
                [!provide]                PROVIDE (__exidx_end, .)

.eh_frame       0x00401fcc        0x0
 .eh_frame      0x00401fcc        0x0 c:/program files (x86)/atmel/studio/7.0/toolchain/arm/arm-gnu-toolchain/bin/../lib/gcc/arm-none-eabi/6.3.1/thumb/v7e-m/crtbegin.o

.rel.dyn        0x00401fcc        0x0
 .rel.iplt      0x00401fcc        0x0 c:/program files (x86)/atmel/studio/7.0/toolchain/arm/arm-gnu-toolchain/bin/../lib/gcc/arm-none-eabi/6.3.1/thumb/v7e-m/crtbegin.o

.jcr            0x00401fcc        0x0
 .jcr           0x00401fcc        0x0 c:/program files (x86)/atmel/studio/7.0/toolchain/arm/arm-gnu-toolchain/bin/../lib/gcc/arm-none-eabi/6.3.1/thumb/v7e-m/crtbegin.o

.igot.plt       0x00401fcc        0x0
 .igot.plt      0x00401fcc        0x0 c:/program files (x86)/atmel/studio/7.0/toolchain/arm/arm-gnu-toolchain/bin/../lib/gcc/arm-none-eabi/6.3.1/thumb/v7e-m/crtbegin.o
                0x00401fcc                . = ALIGN (0x4)
                0x00401fcc                _etext = .

.relocate       0x20400000      0x444 load address 0x00401fcc
                0x20400000                . = ALIGN (0x4)
                0x20400000                _srelocate = .
 *(.ramfunc .ramfunc.*)
 .ramfunc       0x20400000        0xa src/ASF/common/services/delay/sam/cycle_counter.o
                0x20400000                portable_delay_cycles
 *(.data .data.*)
 .data.g_interrupt_enabled
                0x2040000a        0x1 src/ASF/common/utils/interrupt/interrupt_sam_nvic.o
                0x2040000a                g_interrupt_enabled
 *fill*         0x2040000b        0x1 
 .data.ul_flash_in_wait_mode
                0x2040000c        0x4 src/ASF/sam/drivers/pmc/pmc.o
 .data.SystemCoreClock
                0x20400010        0x4 src/ASF/sam/utils/cmsis/same70/source/templates/system_same70.o
                0x20400010                SystemCoreClock
 *fill*         0x20400014        0x4 
 .data.impure_data
                0x20400018      0x428 c:/program files (x86)/atmel/studio/7.0/toolchain/arm/arm-gnu-toolchain/bin/../lib/gcc/arm-none-eabi/6.3.1/../../../../arm-none-eabi/lib/thumb/v7e-m\libc.a(lib_a-impure.o)
 .data.__atexit_recursive_mutex
                0x20400440        0x4 c:/program files (x86)/atmel/studio/7.0/toolchain/arm/arm-gnu-toolchain/bin/../lib/gcc/arm-none-eabi/6.3.1/../../../../arm-none-eabi/lib/thumb/v7e-m\libc.a(lib_a-__call_atexit.o)
                0x20400440                __atexit_recursive_mutex
                0x20400444                . = ALIGN (0x4)
                0x20400444                _erelocate = .

.bss            0x20400444      0x140 load address 0x00402410
                0x20400444                . = ALIGN (0x4)
                0x20400444                _sbss = .
                0x20400444                _szero = .
 *(.bss .bss.*)
 .bss           0x20400444       0x1c c:/program files (x86)/atmel/studio/7.0/toolchain/arm/arm-gnu-toolchain/bin/../lib/gcc/arm-none-eabi/6.3.1/thumb/v7e-m/crtbegin.o
 .bss.gs_interrupt_sources
                0x20400460       0x70 src/ASF/sam/drivers/pio/pio_handler.o
 .bss.gs_ul_nb_sources
                0x204004d0        0x4 src/ASF/sam/drivers/pio/pio_handler.o
 .bss.b_is_sleep_clock_used
                0x204004d4        0x1 src/ASF/sam/drivers/pmc/sleep.o
 *fill*         0x204004d5        0x3 
 .bss.callback_clocks_restored
                0x204004d8        0x4 src/ASF/sam/drivers/pmc/sleep.o
 *(COMMON)
 COMMON         0x204004dc       0x80 src/ASF/sam/drivers/afec/afec.o
                0x204004dc                afec_callback_pointer
 COMMON         0x2040055c        0x1 src/main.o
                0x2040055c                but_flag
 *fill*         0x2040055d        0x3 
 COMMON         0x20400560       0x21 c:/program files (x86)/atmel/studio/7.0/toolchain/arm/arm-gnu-toolchain/bin/../lib/gcc/arm-none-eabi/6.3.1/../../../../arm-none-eabi/lib/thumb/v7e-m\libc.a(lib_a-lock.o)
                0x20400560                __lock___atexit_recursive_mutex
                0x20400564                __lock___arc4random_mutex
                0x20400568                __lock___env_recursive_mutex
                0x2040056c                __lock___sinit_recursive_mutex
                0x20400570                __lock___malloc_recursive_mutex
                0x20400574                __lock___at_quick_exit_mutex
                0x20400578                __lock___dd_hash_mutex
                0x2040057c                __lock___tz_mutex
                0x20400580                __lock___sfp_recursive_mutex
                0x20400584                . = ALIGN (0x4)
 *fill*         0x20400581        0x3 
                0x20400584                _ebss = .
                0x20400584                _ezero = .

.stack          0x20400584     0x2004 load address 0x00402550
                0x20400588                . = ALIGN (0x8)
 *fill*         0x20400584        0x4 
                0x20400588                _sstack = .
                0x20402588                . = (. + STACK_SIZE)
 *fill*         0x20400588     0x2000 
                0x20402588                . = ALIGN (0x8)
                0x20402588                _estack = .

.heap           0x20402588      0x200 load address 0x00404554
                0x20402588                . = ALIGN (0x8)
                0x20402588                _sheap = .
                0x20402788                . = (. + HEAP_SIZE)
 *fill*         0x20402588      0x200 
                0x20402788                . = ALIGN (0x8)
                0x20402788                _eheap = .
                0x20402788                . = ALIGN (0x4)
                0x20402788                _end = .
                0x2045ffff                _ram_end_ = ((ORIGIN (ram) + LENGTH (ram)) - 0x1)
OUTPUT(PIO-IRQ.elf elf32-littlearm)

.ARM.attributes
                0x00000000       0x2e
 .ARM.attributes
                0x00000000       0x1e c:/program files (x86)/atmel/studio/7.0/toolchain/arm/arm-gnu-toolchain/bin/../lib/gcc/arm-none-eabi/6.3.1/thumb/v7e-m/crti.o
 .ARM.attributes
                0x0000001e       0x2e c:/program files (x86)/atmel/studio/7.0/toolchain/arm/arm-gnu-toolchain/bin/../lib/gcc/arm-none-eabi/6.3.1/thumb/v7e-m/crtbegin.o
 .ARM.attributes
                0x0000004c       0x37 src/ASF/common/services/clock/same70/sysclk.o
 .ARM.attributes
                0x00000083       0x37 src/ASF/common/services/delay/sam/cycle_counter.o
 .ARM.attributes
                0x000000ba       0x37 src/ASF/common/utils/interrupt/interrupt_sam_nvic.o
 .ARM.attributes
                0x000000f1       0x37 src/ASF/sam/drivers/afec/afec.o
 .ARM.attributes
                0x00000128       0x37 src/ASF/sam/drivers/pio/pio.o
 .ARM.attributes
                0x0000015f       0x37 src/ASF/sam/drivers/pio/pio_handler.o
 .ARM.attributes
                0x00000196       0x37 src/ASF/sam/drivers/pmc/pmc.o
 .ARM.attributes
                0x000001cd       0x37 src/ASF/sam/drivers/pmc/sleep.o
 .ARM.attributes
                0x00000204       0x37 src/ASF/sam/utils/cmsis/same70/source/templates/gcc/startup_same70.o
 .ARM.attributes
                0x0000023b       0x37 src/ASF/sam/utils/cmsis/same70/source/templates/system_same70.o
 .ARM.attributes
                0x00000272       0x37 src/main.o
 .ARM.attributes
                0x000002a9       0x1e c:/program files (x86)/atmel/studio/7.0/toolchain/arm/arm-gnu-toolchain/bin/../lib/gcc/arm-none-eabi/6.3.1/thumb/v7e-m\libgcc.a(_aeabi_uldivmod.o)
 .ARM.attributes
                0x000002c7       0x2e c:/program files (x86)/atmel/studio/7.0/toolchain/arm/arm-gnu-toolchain/bin/../lib/gcc/arm-none-eabi/6.3.1/thumb/v7e-m\libgcc.a(_udivmoddi4.o)
 .ARM.attributes
                0x000002f5       0x1e c:/program files (x86)/atmel/studio/7.0/toolchain/arm/arm-gnu-toolchain/bin/../lib/gcc/arm-none-eabi/6.3.1/thumb/v7e-m\libgcc.a(_dvmd_tls.o)
 .ARM.attributes
                0x00000313       0x2e c:/program files (x86)/atmel/studio/7.0/toolchain/arm/arm-gnu-toolchain/bin/../lib/gcc/arm-none-eabi/6.3.1/../../../../arm-none-eabi/lib/thumb/v7e-m\libc.a(lib_a-impure.o)
 .ARM.attributes
                0x00000341       0x2e c:/program files (x86)/atmel/studio/7.0/toolchain/arm/arm-gnu-toolchain/bin/../lib/gcc/arm-none-eabi/6.3.1/../../../../arm-none-eabi/lib/thumb/v7e-m\libc.a(lib_a-init.o)
 .ARM.attributes
                0x0000036f       0x2e c:/program files (x86)/atmel/studio/7.0/toolchain/arm/arm-gnu-toolchain/bin/../lib/gcc/arm-none-eabi/6.3.1/../../../../arm-none-eabi/lib/thumb/v7e-m\libc.a(lib_a-__call_atexit.o)
 .ARM.attributes
                0x0000039d       0x2e c:/program files (x86)/atmel/studio/7.0/toolchain/arm/arm-gnu-toolchain/bin/../lib/gcc/arm-none-eabi/6.3.1/../../../../arm-none-eabi/lib/thumb/v7e-m\libc.a(lib_a-atexit.o)
 .ARM.attributes
                0x000003cb       0x2e c:/program files (x86)/atmel/studio/7.0/toolchain/arm/arm-gnu-toolchain/bin/../lib/gcc/arm-none-eabi/6.3.1/../../../../arm-none-eabi/lib/thumb/v7e-m\libc.a(lib_a-fini.o)
 .ARM.attributes
                0x000003f9       0x2e c:/program files (x86)/atmel/studio/7.0/toolchain/arm/arm-gnu-toolchain/bin/../lib/gcc/arm-none-eabi/6.3.1/../../../../arm-none-eabi/lib/thumb/v7e-m\libc.a(lib_a-lock.o)
 .ARM.attributes
                0x00000427       0x2e c:/program files (x86)/atmel/studio/7.0/toolchain/arm/arm-gnu-toolchain/bin/../lib/gcc/arm-none-eabi/6.3.1/../../../../arm-none-eabi/lib/thumb/v7e-m\libc.a(lib_a-__atexit.o)
 .ARM.attributes
                0x00000455       0x1e c:/program files (x86)/atmel/studio/7.0/toolchain/arm/arm-gnu-toolchain/bin/../lib/gcc/arm-none-eabi/6.3.1/thumb/v7e-m/crtn.o

.comment        0x00000000       0x59
 .comment       0x00000000       0x59 src/ASF/common/services/clock/same70/sysclk.o
                                 0x5a (size before relaxing)
 .comment       0x00000059       0x5a src/ASF/common/services/delay/sam/cycle_counter.o
 .comment       0x00000059       0x5a src/ASF/common/utils/interrupt/interrupt_sam_nvic.o
 .comment       0x00000059       0x5a src/ASF/sam/drivers/afec/afec.o
 .comment       0x00000059       0x5a src/ASF/sam/drivers/pio/pio.o
 .comment       0x00000059       0x5a src/ASF/sam/drivers/pio/pio_handler.o
 .comment       0x00000059       0x5a src/ASF/sam/drivers/pmc/pmc.o
 .comment       0x00000059       0x5a src/ASF/sam/drivers/pmc/sleep.o
 .comment       0x00000059       0x5a src/ASF/sam/utils/cmsis/same70/source/templates/gcc/startup_same70.o
 .comment       0x00000059       0x5a src/ASF/sam/utils/cmsis/same70/source/templates/system_same70.o
 .comment       0x00000059       0x5a src/main.o

.debug_info     0x00000000     0xf02f
 .debug_info    0x00000000     0x1311 src/ASF/common/services/clock/same70/sysclk.o
 .debug_info    0x00001311      0xa45 src/ASF/common/services/delay/sam/cycle_counter.o
 .debug_info    0x00001d56      0xb04 src/ASF/common/utils/interrupt/interrupt_sam_nvic.o
 .debug_info    0x0000285a     0x23b8 src/ASF/sam/drivers/afec/afec.o
 .debug_info    0x00004c12     0x1ce3 src/ASF/sam/drivers/pio/pio.o
 .debug_info    0x000068f5     0x1a8a src/ASF/sam/drivers/pio/pio_handler.o
 .debug_info    0x0000837f     0x1efb src/ASF/sam/drivers/pmc/pmc.o
 .debug_info    0x0000a27a     0x1693 src/ASF/sam/drivers/pmc/sleep.o
 .debug_info    0x0000b90d     0x1610 src/ASF/sam/utils/cmsis/same70/source/templates/gcc/startup_same70.o
 .debug_info    0x0000cf1d      0x5d4 src/ASF/sam/utils/cmsis/same70/source/templates/system_same70.o
 .debug_info    0x0000d4f1     0x1b3e src/main.o

.debug_abbrev   0x00000000     0x1cbc
 .debug_abbrev  0x00000000      0x296 src/ASF/common/services/clock/same70/sysclk.o
 .debug_abbrev  0x00000296      0x1b3 src/ASF/common/services/delay/sam/cycle_counter.o
 .debug_abbrev  0x00000449      0x223 src/ASF/common/utils/interrupt/interrupt_sam_nvic.o
 .debug_abbrev  0x0000066c      0x3dc src/ASF/sam/drivers/afec/afec.o
 .debug_abbrev  0x00000a48      0x296 src/ASF/sam/drivers/pio/pio.o
 .debug_abbrev  0x00000cde      0x2e7 src/ASF/sam/drivers/pio/pio_handler.o
 .debug_abbrev  0x00000fc5      0x2ce src/ASF/sam/drivers/pmc/pmc.o
 .debug_abbrev  0x00001293      0x2ee src/ASF/sam/drivers/pmc/sleep.o
 .debug_abbrev  0x00001581      0x2f7 src/ASF/sam/utils/cmsis/same70/source/templates/gcc/startup_same70.o
 .debug_abbrev  0x00001878      0x102 src/ASF/sam/utils/cmsis/same70/source/templates/system_same70.o
 .debug_abbrev  0x0000197a      0x342 src/main.o

.debug_loc      0x00000000     0x447a
 .debug_loc     0x00000000      0x4a0 src/ASF/common/services/clock/same70/sysclk.o
 .debug_loc     0x000004a0       0xa0 src/ASF/common/utils/interrupt/interrupt_sam_nvic.o
 .debug_loc     0x00000540      0xc34 src/ASF/sam/drivers/afec/afec.o
 .debug_loc     0x00001174     0x1174 src/ASF/sam/drivers/pio/pio.o
 .debug_loc     0x000022e8      0x38c src/ASF/sam/drivers/pio/pio_handler.o
 .debug_loc     0x00002674     0x1854 src/ASF/sam/drivers/pmc/pmc.o
 .debug_loc     0x00003ec8       0xe6 src/ASF/sam/drivers/pmc/sleep.o
 .debug_loc     0x00003fae      0x16c src/ASF/sam/utils/cmsis/same70/source/templates/gcc/startup_same70.o
 .debug_loc     0x0000411a       0xe4 src/ASF/sam/utils/cmsis/same70/source/templates/system_same70.o
 .debug_loc     0x000041fe      0x27c src/main.o

.debug_aranges  0x00000000      0x7c0
 .debug_aranges
                0x00000000       0x98 src/ASF/common/services/clock/same70/sysclk.o
 .debug_aranges
                0x00000098       0x20 src/ASF/common/services/delay/sam/cycle_counter.o
 .debug_aranges
                0x000000b8       0x28 src/ASF/common/utils/interrupt/interrupt_sam_nvic.o
 .debug_aranges
                0x000000e0      0x148 src/ASF/sam/drivers/afec/afec.o
 .debug_aranges
                0x00000228      0x1a8 src/ASF/sam/drivers/pio/pio.o
 .debug_aranges
                0x000003d0       0x80 src/ASF/sam/drivers/pio/pio_handler.o
 .debug_aranges
                0x00000450      0x270 src/ASF/sam/drivers/pmc/pmc.o
 .debug_aranges
                0x000006c0       0x30 src/ASF/sam/drivers/pmc/sleep.o
 .debug_aranges
                0x000006f0       0x40 src/ASF/sam/utils/cmsis/same70/source/templates/gcc/startup_same70.o
 .debug_aranges
                0x00000730       0x30 src/ASF/sam/utils/cmsis/same70/source/templates/system_same70.o
 .debug_aranges
                0x00000760       0x60 src/main.o

.debug_ranges   0x00000000      0x710
 .debug_ranges  0x00000000       0x88 src/ASF/common/services/clock/same70/sysclk.o
 .debug_ranges  0x00000088       0x10 src/ASF/common/services/delay/sam/cycle_counter.o
 .debug_ranges  0x00000098       0x18 src/ASF/common/utils/interrupt/interrupt_sam_nvic.o
 .debug_ranges  0x000000b0      0x138 src/ASF/sam/drivers/afec/afec.o
 .debug_ranges  0x000001e8      0x198 src/ASF/sam/drivers/pio/pio.o
 .debug_ranges  0x00000380       0x70 src/ASF/sam/drivers/pio/pio_handler.o
 .debug_ranges  0x000003f0      0x260 src/ASF/sam/drivers/pmc/pmc.o
 .debug_ranges  0x00000650       0x20 src/ASF/sam/drivers/pmc/sleep.o
 .debug_ranges  0x00000670       0x30 src/ASF/sam/utils/cmsis/same70/source/templates/gcc/startup_same70.o
 .debug_ranges  0x000006a0       0x20 src/ASF/sam/utils/cmsis/same70/source/templates/system_same70.o
 .debug_ranges  0x000006c0       0x50 src/main.o

.debug_macro    0x00000000    0x1e244
 .debug_macro   0x00000000      0x6e5 src/ASF/common/services/clock/same70/sysclk.o
 .debug_macro   0x000006e5      0x8da src/ASF/common/services/clock/same70/sysclk.o
 .debug_macro   0x00000fbf      0x71d src/ASF/common/services/clock/same70/sysclk.o
 .debug_macro   0x000016dc       0x3a src/ASF/common/services/clock/same70/sysclk.o
 .debug_macro   0x00001716      0x16d src/ASF/common/services/clock/same70/sysclk.o
 .debug_macro   0x00001883       0x76 src/ASF/common/services/clock/same70/sysclk.o
 .debug_macro   0x000018f9       0x16 src/ASF/common/services/clock/same70/sysclk.o
 .debug_macro   0x0000190f      0x6da src/ASF/common/services/clock/same70/sysclk.o
 .debug_macro   0x00001fe9       0x22 src/ASF/common/services/clock/same70/sysclk.o
 .debug_macro   0x0000200b       0x87 src/ASF/common/services/clock/same70/sysclk.o
 .debug_macro   0x00002092       0x51 src/ASF/common/services/clock/same70/sysclk.o
 .debug_macro   0x000020e3       0xef src/ASF/common/services/clock/same70/sysclk.o
 .debug_macro   0x000021d2       0x6a src/ASF/common/services/clock/same70/sysclk.o
 .debug_macro   0x0000223c      0x1df src/ASF/common/services/clock/same70/sysclk.o
 .debug_macro   0x0000241b       0x51 src/ASF/common/services/clock/same70/sysclk.o
 .debug_macro   0x0000246c       0x1c src/ASF/common/services/clock/same70/sysclk.o
 .debug_macro   0x00002488       0x22 src/ASF/common/services/clock/same70/sysclk.o
 .debug_macro   0x000024aa       0xdf src/ASF/common/services/clock/same70/sysclk.o
 .debug_macro   0x00002589     0x12cd src/ASF/common/services/clock/same70/sysclk.o
 .debug_macro   0x00003856      0x11f src/ASF/common/services/clock/same70/sysclk.o
 .debug_macro   0x00003975       0x19 src/ASF/common/services/clock/same70/sysclk.o
 .debug_macro   0x0000398e      0x191 src/ASF/common/services/clock/same70/sysclk.o
 .debug_macro   0x00003b1f      0x2ee src/ASF/common/services/clock/same70/sysclk.o
 .debug_macro   0x00003e0d      0xa23 src/ASF/common/services/clock/same70/sysclk.o
 .debug_macro   0x00004830      0x1b4 src/ASF/common/services/clock/same70/sysclk.o
 .debug_macro   0x000049e4      0x35f src/ASF/common/services/clock/same70/sysclk.o
 .debug_macro   0x00004d43      0x15a src/ASF/common/services/clock/same70/sysclk.o
 .debug_macro   0x00004e9d     0x18b3 src/ASF/common/services/clock/same70/sysclk.o
 .debug_macro   0x00006750       0x1c src/ASF/common/services/clock/same70/sysclk.o
 .debug_macro   0x0000676c      0x6a2 src/ASF/common/services/clock/same70/sysclk.o
 .debug_macro   0x00006e0e      0x3ba src/ASF/common/services/clock/same70/sysclk.o
 .debug_macro   0x000071c8      0x4f0 src/ASF/common/services/clock/same70/sysclk.o
 .debug_macro   0x000076b8      0x5cb src/ASF/common/services/clock/same70/sysclk.o
 .debug_macro   0x00007c83     0x1527 src/ASF/common/services/clock/same70/sysclk.o
 .debug_macro   0x000091aa     0x2a40 src/ASF/common/services/clock/same70/sysclk.o
 .debug_macro   0x0000bbea     0x113e src/ASF/common/services/clock/same70/sysclk.o
 .debug_macro   0x0000cd28      0xcdb src/ASF/common/services/clock/same70/sysclk.o
 .debug_macro   0x0000da03      0x3c6 src/ASF/common/services/clock/same70/sysclk.o
 .debug_macro   0x0000ddc9       0xa0 src/ASF/common/services/clock/same70/sysclk.o
 .debug_macro   0x0000de69       0x76 src/ASF/common/services/clock/same70/sysclk.o
 .debug_macro   0x0000dedf      0x442 src/ASF/common/services/clock/same70/sysclk.o
 .debug_macro   0x0000e321       0x64 src/ASF/common/services/clock/same70/sysclk.o
 .debug_macro   0x0000e385      0x299 src/ASF/common/services/clock/same70/sysclk.o
 .debug_macro   0x0000e61e      0x201 src/ASF/common/services/clock/same70/sysclk.o
 .debug_macro   0x0000e81f      0x280 src/ASF/common/services/clock/same70/sysclk.o
 .debug_macro   0x0000ea9f      0x539 src/ASF/common/services/clock/same70/sysclk.o
 .debug_macro   0x0000efd8      0x64f src/ASF/common/services/clock/same70/sysclk.o
 .debug_macro   0x0000f627      0x6fd src/ASF/common/services/clock/same70/sysclk.o
 .debug_macro   0x0000fd24       0x64 src/ASF/common/services/clock/same70/sysclk.o
 .debug_macro   0x0000fd88      0x4c4 src/ASF/common/services/clock/same70/sysclk.o
 .debug_macro   0x0001024c      0x237 src/ASF/common/services/clock/same70/sysclk.o
 .debug_macro   0x00010483      0xa06 src/ASF/common/services/clock/same70/sysclk.o
 .debug_macro   0x00010e89     0x14ec src/ASF/common/services/clock/same70/sysclk.o
 .debug_macro   0x00012375       0x40 src/ASF/common/services/clock/same70/sysclk.o
 .debug_macro   0x000123b5       0x76 src/ASF/common/services/clock/same70/sysclk.o
 .debug_macro   0x0001242b      0xdd1 src/ASF/common/services/clock/same70/sysclk.o
 .debug_macro   0x000131fc       0x88 src/ASF/common/services/clock/same70/sysclk.o
 .debug_macro   0x00013284       0x7c src/ASF/common/services/clock/same70/sysclk.o
 .debug_macro   0x00013300       0x52 src/ASF/common/services/clock/same70/sysclk.o
 .debug_macro   0x00013352      0x133 src/ASF/common/services/clock/same70/sysclk.o
 .debug_macro   0x00013485      0x133 src/ASF/common/services/clock/same70/sysclk.o
 .debug_macro   0x000135b8      0x133 src/ASF/common/services/clock/same70/sysclk.o
 .debug_macro   0x000136eb       0x76 src/ASF/common/services/clock/same70/sysclk.o
 .debug_macro   0x00013761       0x76 src/ASF/common/services/clock/same70/sysclk.o
 .debug_macro   0x000137d7      0x2fe src/ASF/common/services/clock/same70/sysclk.o
 .debug_macro   0x00013ad5       0xca src/ASF/common/services/clock/same70/sysclk.o
 .debug_macro   0x00013b9f       0xca src/ASF/common/services/clock/same70/sysclk.o
 .debug_macro   0x00013c69       0xca src/ASF/common/services/clock/same70/sysclk.o
 .debug_macro   0x00013d33      0x13b src/ASF/common/services/clock/same70/sysclk.o
 .debug_macro   0x00013e6e      0x13b src/ASF/common/services/clock/same70/sysclk.o
 .debug_macro   0x00013fa9      0x2cd src/ASF/common/services/clock/same70/sysclk.o
 .debug_macro   0x00014276       0xbe src/ASF/common/services/clock/same70/sysclk.o
 .debug_macro   0x00014334       0x64 src/ASF/common/services/clock/same70/sysclk.o
 .debug_macro   0x00014398       0x46 src/ASF/common/services/clock/same70/sysclk.o
 .debug_macro   0x000143de       0x64 src/ASF/common/services/clock/same70/sysclk.o
 .debug_macro   0x00014442       0xa6 src/ASF/common/services/clock/same70/sysclk.o
 .debug_macro   0x000144e8      0x4b7 src/ASF/common/services/clock/same70/sysclk.o
 .debug_macro   0x0001499f      0x133 src/ASF/common/services/clock/same70/sysclk.o
 .debug_macro   0x00014ad2       0x52 src/ASF/common/services/clock/same70/sysclk.o
 .debug_macro   0x00014b24      0x2fe src/ASF/common/services/clock/same70/sysclk.o
 .debug_macro   0x00014e22       0x76 src/ASF/common/services/clock/same70/sysclk.o
 .debug_macro   0x00014e98       0xbe src/ASF/common/services/clock/same70/sysclk.o
 .debug_macro   0x00014f56       0x70 src/ASF/common/services/clock/same70/sysclk.o
 .debug_macro   0x00014fc6       0x34 src/ASF/common/services/clock/same70/sysclk.o
 .debug_macro   0x00014ffa      0x9b8 src/ASF/common/services/clock/same70/sysclk.o
 .debug_macro   0x000159b2       0x70 src/ASF/common/services/clock/same70/sysclk.o
 .debug_macro   0x00015a22       0x8e src/ASF/common/services/clock/same70/sysclk.o
 .debug_macro   0x00015ab0       0x5e src/ASF/common/services/clock/same70/sysclk.o
 .debug_macro   0x00015b0e       0xfa src/ASF/common/services/clock/same70/sysclk.o
 .debug_macro   0x00015c08       0x16 src/ASF/common/services/clock/same70/sysclk.o
 .debug_macro   0x00015c1e       0xfa src/ASF/common/services/clock/same70/sysclk.o
 .debug_macro   0x00015d18       0x52 src/ASF/common/services/clock/same70/sysclk.o
 .debug_macro   0x00015d6a       0x16 src/ASF/common/services/clock/same70/sysclk.o
 .debug_macro   0x00015d80       0x52 src/ASF/common/services/clock/same70/sysclk.o
 .debug_macro   0x00015dd2       0x2e src/ASF/common/services/clock/same70/sysclk.o
 .debug_macro   0x00015e00      0x1b3 src/ASF/common/services/clock/same70/sysclk.o
 .debug_macro   0x00015fb3      0x1b3 src/ASF/common/services/clock/same70/sysclk.o
 .debug_macro   0x00016166      0x1b3 src/ASF/common/services/clock/same70/sysclk.o
 .debug_macro   0x00016319      0x1b3 src/ASF/common/services/clock/same70/sysclk.o
 .debug_macro   0x000164cc      0x1b3 src/ASF/common/services/clock/same70/sysclk.o
 .debug_macro   0x0001667f       0x1c src/ASF/common/services/clock/same70/sysclk.o
 .debug_macro   0x0001669b       0x34 src/ASF/common/services/clock/same70/sysclk.o
 .debug_macro   0x000166cf       0x22 src/ASF/common/services/clock/same70/sysclk.o
 .debug_macro   0x000166f1       0x1c src/ASF/common/services/clock/same70/sysclk.o
 .debug_macro   0x0001670d       0x5e src/ASF/common/services/clock/same70/sysclk.o
 .debug_macro   0x0001676b       0x10 src/ASF/common/services/clock/same70/sysclk.o
 .debug_macro   0x0001677b       0x1c src/ASF/common/services/clock/same70/sysclk.o
 .debug_macro   0x00016797       0x52 src/ASF/common/services/clock/same70/sysclk.o
 .debug_macro   0x000167e9       0x52 src/ASF/common/services/clock/same70/sysclk.o
 .debug_macro   0x0001683b       0x52 src/ASF/common/services/clock/same70/sysclk.o
 .debug_macro   0x0001688d      0x322 src/ASF/common/services/clock/same70/sysclk.o
 .debug_macro   0x00016baf     0x1065 src/ASF/common/services/clock/same70/sysclk.o
 .debug_macro   0x00017c14      0x107 src/ASF/common/services/clock/same70/sysclk.o
 .debug_macro   0x00017d1b       0x58 src/ASF/common/services/clock/same70/sysclk.o
 .debug_macro   0x00017d73       0x35 src/ASF/common/services/clock/same70/sysclk.o
 .debug_macro   0x00017da8       0x9c src/ASF/common/services/clock/same70/sysclk.o
 .debug_macro   0x00017e44       0x16 src/ASF/common/services/clock/same70/sysclk.o
 .debug_macro   0x00017e5a       0x35 src/ASF/common/services/clock/same70/sysclk.o
 .debug_macro   0x00017e8f      0x34d src/ASF/common/services/clock/same70/sysclk.o
 .debug_macro   0x000181dc       0x10 src/ASF/common/services/clock/same70/sysclk.o
 .debug_macro   0x000181ec       0x58 src/ASF/common/services/clock/same70/sysclk.o
 .debug_macro   0x00018244       0x1f src/ASF/common/services/clock/same70/sysclk.o
 .debug_macro   0x00018263       0x43 src/ASF/common/services/clock/same70/sysclk.o
 .debug_macro   0x000182a6       0x20 src/ASF/common/services/clock/same70/sysclk.o
 .debug_macro   0x000182c6      0x187 src/ASF/common/services/clock/same70/sysclk.o
 .debug_macro   0x0001844d       0x10 src/ASF/common/services/clock/same70/sysclk.o
 .debug_macro   0x0001845d       0x1c src/ASF/common/services/clock/same70/sysclk.o
 .debug_macro   0x00018479       0x52 src/ASF/common/services/clock/same70/sysclk.o
 .debug_macro   0x000184cb       0x40 src/ASF/common/services/clock/same70/sysclk.o
 .debug_macro   0x0001850b       0x10 src/ASF/common/services/clock/same70/sysclk.o
 .debug_macro   0x0001851b       0x40 src/ASF/common/services/clock/same70/sysclk.o
 .debug_macro   0x0001855b       0xd7 src/ASF/common/services/clock/same70/sysclk.o
 .debug_macro   0x00018632       0x16 src/ASF/common/services/clock/same70/sysclk.o
 .debug_macro   0x00018648      0x18b src/ASF/common/services/clock/same70/sysclk.o
 .debug_macro   0x000187d3       0x22 src/ASF/common/services/clock/same70/sysclk.o
 .debug_macro   0x000187f5       0x16 src/ASF/common/services/clock/same70/sysclk.o
 .debug_macro   0x0001880b       0x16 src/ASF/common/services/clock/same70/sysclk.o
 .debug_macro   0x00018821       0x29 src/ASF/common/services/clock/same70/sysclk.o
 .debug_macro   0x0001884a       0x73 src/ASF/common/services/clock/same70/sysclk.o
 .debug_macro   0x000188bd       0x3e src/ASF/common/services/clock/same70/sysclk.o
 .debug_macro   0x000188fb      0x3ca src/ASF/common/services/clock/same70/sysclk.o
 .debug_macro   0x00018cc5      0x2d9 src/ASF/common/services/clock/same70/sysclk.o
 .debug_macro   0x00018f9e      0xa91 src/ASF/common/services/clock/same70/sysclk.o
 .debug_macro   0x00019a2f       0x70 src/ASF/common/services/clock/same70/sysclk.o
 .debug_macro   0x00019a9f       0x64 src/ASF/common/services/clock/same70/sysclk.o
 .debug_macro   0x00019b03       0x5f src/ASF/common/services/clock/same70/sysclk.o
 .debug_macro   0x00019b62       0xac src/ASF/common/services/clock/same70/sysclk.o
 .debug_macro   0x00019c0e      0x679 src/ASF/common/services/delay/sam/cycle_counter.o
 .debug_macro   0x0001a287       0x22 src/ASF/common/services/delay/sam/cycle_counter.o
 .debug_macro   0x0001a2a9      0x669 src/ASF/common/utils/interrupt/interrupt_sam_nvic.o
 .debug_macro   0x0001a912      0x742 src/ASF/sam/drivers/afec/afec.o
 .debug_macro   0x0001b054       0x12 src/ASF/sam/drivers/afec/afec.o
 .debug_macro   0x0001b066      0x67f src/ASF/sam/drivers/pio/pio.o
 .debug_macro   0x0001b6e5       0x8e src/ASF/sam/drivers/pio/pio.o
 .debug_macro   0x0001b773      0x68a src/ASF/sam/drivers/pio/pio_handler.o
 .debug_macro   0x0001bdfd      0x67f src/ASF/sam/drivers/pmc/pmc.o
 .debug_macro   0x0001c47c       0x6a src/ASF/sam/drivers/pmc/pmc.o
 .debug_macro   0x0001c4e6      0x698 src/ASF/sam/drivers/pmc/sleep.o
 .debug_macro   0x0001cb7e      0x678 src/ASF/sam/utils/cmsis/same70/source/templates/gcc/startup_same70.o
 .debug_macro   0x0001d1f6       0x10 src/ASF/sam/utils/cmsis/same70/source/templates/gcc/startup_same70.o
 .debug_macro   0x0001d206      0x468 src/ASF/sam/utils/cmsis/same70/source/templates/system_same70.o
 .debug_macro   0x0001d66e      0x8ad src/main.o
 .debug_macro   0x0001df1b       0x28 src/main.o
 .debug_macro   0x0001df43       0x22 src/main.o
 .debug_macro   0x0001df65       0x16 src/main.o
 .debug_macro   0x0001df7b       0x40 src/main.o
 .debug_macro   0x0001dfbb       0x88 src/main.o
 .debug_macro   0x0001e043      0x1cf src/main.o
 .debug_macro   0x0001e212       0x16 src/main.o
 .debug_macro   0x0001e228       0x1c src/main.o

.debug_line     0x00000000     0x8bfc
 .debug_line    0x00000000      0xc78 src/ASF/common/services/clock/same70/sysclk.o
 .debug_line    0x00000c78      0x9fe src/ASF/common/services/delay/sam/cycle_counter.o
 .debug_line    0x00001676      0xa14 src/ASF/common/utils/interrupt/interrupt_sam_nvic.o
 .debug_line    0x0000208a     0x10f0 src/ASF/sam/drivers/afec/afec.o
 .debug_line    0x0000317a      0xe28 src/ASF/sam/drivers/pio/pio.o
 .debug_line    0x00003fa2      0xb3a src/ASF/sam/drivers/pio/pio_handler.o
 .debug_line    0x00004adc     0x113f src/ASF/sam/drivers/pmc/pmc.o
 .debug_line    0x00005c1b      0xb5d src/ASF/sam/drivers/pmc/sleep.o
 .debug_line    0x00006778      0xac9 src/ASF/sam/utils/cmsis/same70/source/templates/gcc/startup_same70.o
 .debug_line    0x00007241      0x830 src/ASF/sam/utils/cmsis/same70/source/templates/system_same70.o
 .debug_line    0x00007a71     0x118b src/main.o

.debug_str      0x00000000    0x935f0
 .debug_str     0x00000000    0x8d296 src/ASF/common/services/clock/same70/sysclk.o
                              0x8d99f (size before relaxing)
 .debug_str     0x0008d296      0x1b5 src/ASF/common/services/delay/sam/cycle_counter.o
                              0x8937e (size before relaxing)
 .debug_str     0x0008d44b       0x94 src/ASF/common/utils/interrupt/interrupt_sam_nvic.o
                              0x8924e (size before relaxing)
 .debug_str     0x0008d4df     0x1338 src/ASF/sam/drivers/afec/afec.o
                              0x8e9af (size before relaxing)
 .debug_str     0x0008e817      0xb3d src/ASF/sam/drivers/pio/pio.o
                              0x89db0 (size before relaxing)
 .debug_str     0x0008f354      0x125 src/ASF/sam/drivers/pio/pio_handler.o
                              0x89f4e (size before relaxing)
 .debug_str     0x0008f479      0x68f src/ASF/sam/drivers/pmc/pmc.o
                              0x89f86 (size before relaxing)
 .debug_str     0x0008fb08      0x1a0 src/ASF/sam/drivers/pmc/sleep.o
                              0x8d26e (size before relaxing)
 .debug_str     0x0008fca8      0x714 src/ASF/sam/utils/cmsis/same70/source/templates/gcc/startup_same70.o
                              0x89acd (size before relaxing)
 .debug_str     0x000903bc      0x137 src/ASF/sam/utils/cmsis/same70/source/templates/system_same70.o
                              0x78d31 (size before relaxing)
 .debug_str     0x000904f3     0x30fd src/main.o
                              0x91566 (size before relaxing)

.debug_frame    0x00000000     0x21e8
 .debug_frame   0x00000000      0x240 src/ASF/common/services/clock/same70/sysclk.o
 .debug_frame   0x00000240       0x20 src/ASF/common/services/delay/sam/cycle_counter.o
 .debug_frame   0x00000260       0x58 src/ASF/common/utils/interrupt/interrupt_sam_nvic.o
 .debug_frame   0x000002b8      0x598 src/ASF/sam/drivers/afec/afec.o
 .debug_frame   0x00000850      0x7c0 src/ASF/sam/drivers/pio/pio.o
 .debug_frame   0x00001010      0x1d0 src/ASF/sam/drivers/pio/pio_handler.o
 .debug_frame   0x000011e0      0xae8 src/ASF/sam/drivers/pmc/pmc.o
 .debug_frame   0x00001cc8       0x7c src/ASF/sam/drivers/pmc/sleep.o
 .debug_frame   0x00001d44       0xbc src/ASF/sam/utils/cmsis/same70/source/templates/gcc/startup_same70.o
 .debug_frame   0x00001e00       0x78 src/ASF/sam/utils/cmsis/same70/source/templates/system_same70.o
 .debug_frame   0x00001e78      0x150 src/main.o
 .debug_frame   0x00001fc8       0x2c c:/program files (x86)/atmel/studio/7.0/toolchain/arm/arm-gnu-toolchain/bin/../lib/gcc/arm-none-eabi/6.3.1/thumb/v7e-m\libgcc.a(_aeabi_uldivmod.o)
 .debug_frame   0x00001ff4       0x34 c:/program files (x86)/atmel/studio/7.0/toolchain/arm/arm-gnu-toolchain/bin/../lib/gcc/arm-none-eabi/6.3.1/thumb/v7e-m\libgcc.a(_udivmoddi4.o)
 .debug_frame   0x00002028       0x2c c:/program files (x86)/atmel/studio/7.0/toolchain/arm/arm-gnu-toolchain/bin/../lib/gcc/arm-none-eabi/6.3.1/../../../../arm-none-eabi/lib/thumb/v7e-m\libc.a(lib_a-init.o)
 .debug_frame   0x00002054       0x5c c:/program files (x86)/atmel/studio/7.0/toolchain/arm/arm-gnu-toolchain/bin/../lib/gcc/arm-none-eabi/6.3.1/../../../../arm-none-eabi/lib/thumb/v7e-m\libc.a(lib_a-__call_atexit.o)
 .debug_frame   0x000020b0       0x20 c:/program files (x86)/atmel/studio/7.0/toolchain/arm/arm-gnu-toolchain/bin/../lib/gcc/arm-none-eabi/6.3.1/../../../../arm-none-eabi/lib/thumb/v7e-m\libc.a(lib_a-atexit.o)
 .debug_frame   0x000020d0       0x34 c:/program files (x86)/atmel/studio/7.0/toolchain/arm/arm-gnu-toolchain/bin/../lib/gcc/arm-none-eabi/6.3.1/../../../../arm-none-eabi/lib/thumb/v7e-m\libc.a(lib_a-fini.o)
 .debug_frame   0x00002104       0xb0 c:/program files (x86)/atmel/studio/7.0/toolchain/arm/arm-gnu-toolchain/bin/../lib/gcc/arm-none-eabi/6.3.1/../../../../arm-none-eabi/lib/thumb/v7e-m\libc.a(lib_a-lock.o)
 .debug_frame   0x000021b4       0x34 c:/program files (x86)/atmel/studio/7.0/toolchain/arm/arm-gnu-toolchain/bin/../lib/gcc/arm-none-eabi/6.3.1/../../../../arm-none-eabi/lib/thumb/v7e-m\libc.a(lib_a-__atexit.o)

Cross Reference Table

Symbol                                            File
ACC_Handler                                       src/ASF/sam/utils/cmsis/same70/source/templates/gcc/startup_same70.o
AES_Handler                                       src/ASF/sam/utils/cmsis/same70/source/templates/gcc/startup_same70.o
AFEC0_Handler                                     src/ASF/sam/drivers/afec/afec.o
AFEC1_Handler                                     src/ASF/sam/drivers/afec/afec.o
BusFault_Handler                                  src/ASF/sam/utils/cmsis/same70/source/templates/gcc/startup_same70.o
CCF_Handler                                       src/ASF/sam/utils/cmsis/same70/source/templates/gcc/startup_same70.o
CCW_Handler                                       src/ASF/sam/utils/cmsis/same70/source/templates/gcc/startup_same70.o
DACC_Handler                                      src/ASF/sam/utils/cmsis/same70/source/templates/gcc/startup_same70.o
DebugMon_Handler                                  src/ASF/sam/utils/cmsis/same70/source/templates/gcc/startup_same70.o
Dummy_Handler                                     src/ASF/sam/utils/cmsis/same70/source/templates/gcc/startup_same70.o
EFC_Handler                                       src/ASF/sam/utils/cmsis/same70/source/templates/gcc/startup_same70.o
FPU_Handler                                       src/ASF/sam/utils/cmsis/same70/source/templates/gcc/startup_same70.o
GMAC_Handler                                      src/ASF/sam/utils/cmsis/same70/source/templates/gcc/startup_same70.o
GMAC_Q1_Handler                                   src/ASF/sam/utils/cmsis/same70/source/templates/gcc/startup_same70.o
GMAC_Q2_Handler                                   src/ASF/sam/utils/cmsis/same70/source/templates/gcc/startup_same70.o
HSMCI_Handler                                     src/ASF/sam/utils/cmsis/same70/source/templates/gcc/startup_same70.o
HardFault_Handler                                 src/ASF/sam/utils/cmsis/same70/source/templates/gcc/startup_same70.o
ICM_Handler                                       src/ASF/sam/utils/cmsis/same70/source/templates/gcc/startup_same70.o
ISI_Handler                                       src/ASF/sam/utils/cmsis/same70/source/templates/gcc/startup_same70.o
IXC_Handler                                       src/ASF/sam/utils/cmsis/same70/source/templates/gcc/startup_same70.o
MCAN0_INT0_Handler                                src/ASF/sam/utils/cmsis/same70/source/templates/gcc/startup_same70.o
MCAN0_INT1_Handler                                src/ASF/sam/utils/cmsis/same70/source/templates/gcc/startup_same70.o
MCAN1_INT0_Handler                                src/ASF/sam/utils/cmsis/same70/source/templates/gcc/startup_same70.o
MCAN1_INT1_Handler                                src/ASF/sam/utils/cmsis/same70/source/templates/gcc/startup_same70.o
MemManage_Handler                                 src/ASF/sam/utils/cmsis/same70/source/templates/gcc/startup_same70.o
NMI_Handler                                       src/ASF/sam/utils/cmsis/same70/source/templates/gcc/startup_same70.o
PIOA_Handler                                      src/ASF/sam/drivers/pio/pio_handler.o
PIOB_Handler                                      src/ASF/sam/drivers/pio/pio_handler.o
PIOC_Handler                                      src/ASF/sam/drivers/pio/pio_handler.o
PIOD_Handler                                      src/ASF/sam/drivers/pio/pio_handler.o
PIOE_Handler                                      src/ASF/sam/drivers/pio/pio_handler.o
PMC_Handler                                       src/ASF/sam/utils/cmsis/same70/source/templates/gcc/startup_same70.o
PWM0_Handler                                      src/ASF/sam/utils/cmsis/same70/source/templates/gcc/startup_same70.o
PWM1_Handler                                      src/ASF/sam/utils/cmsis/same70/source/templates/gcc/startup_same70.o
PendSV_Handler                                    src/ASF/sam/utils/cmsis/same70/source/templates/gcc/startup_same70.o
QSPI_Handler                                      src/ASF/sam/utils/cmsis/same70/source/templates/gcc/startup_same70.o
RSTC_Handler                                      src/ASF/sam/utils/cmsis/same70/source/templates/gcc/startup_same70.o
RSWDT_Handler                                     src/ASF/sam/utils/cmsis/same70/source/templates/gcc/startup_same70.o
RTC_Handler                                       src/ASF/sam/utils/cmsis/same70/source/templates/gcc/startup_same70.o
RTT_Handler                                       src/ASF/sam/utils/cmsis/same70/source/templates/gcc/startup_same70.o
Reset_Handler                                     src/ASF/sam/utils/cmsis/same70/source/templates/gcc/startup_same70.o
SDRAMC_Handler                                    src/ASF/sam/utils/cmsis/same70/source/templates/gcc/startup_same70.o
SDRAM_ISSI_IS42S16100E                            src/main.o
SPI0_Handler                                      src/ASF/sam/utils/cmsis/same70/source/templates/gcc/startup_same70.o
SPI1_Handler                                      src/ASF/sam/utils/cmsis/same70/source/templates/gcc/startup_same70.o
SSC_Handler                                       src/ASF/sam/utils/cmsis/same70/source/templates/gcc/startup_same70.o
SUPC_Handler                                      src/ASF/sam/utils/cmsis/same70/source/templates/gcc/startup_same70.o
SVC_Handler                                       src/ASF/sam/utils/cmsis/same70/source/templates/gcc/startup_same70.o
SysTick_Handler                                   src/ASF/sam/utils/cmsis/same70/source/templates/gcc/startup_same70.o
SystemCoreClock                                   src/ASF/sam/utils/cmsis/same70/source/templates/system_same70.o
SystemCoreClockUpdate                             src/ASF/sam/utils/cmsis/same70/source/templates/system_same70.o
                                                  src/ASF/common/services/clock/same70/sysclk.o
SystemInit                                        src/ASF/sam/utils/cmsis/same70/source/templates/system_same70.o
TC0_Handler                                       src/ASF/sam/utils/cmsis/same70/source/templates/gcc/startup_same70.o
TC10_Handler                                      src/ASF/sam/utils/cmsis/same70/source/templates/gcc/startup_same70.o
TC11_Handler                                      src/ASF/sam/utils/cmsis/same70/source/templates/gcc/startup_same70.o
TC1_Handler                                       src/ASF/sam/utils/cmsis/same70/source/templates/gcc/startup_same70.o
TC2_Handler                                       src/ASF/sam/utils/cmsis/same70/source/templates/gcc/startup_same70.o
TC3_Handler                                       src/ASF/sam/utils/cmsis/same70/source/templates/gcc/startup_same70.o
TC4_Handler                                       src/ASF/sam/utils/cmsis/same70/source/templates/gcc/startup_same70.o
TC5_Handler                                       src/ASF/sam/utils/cmsis/same70/source/templates/gcc/startup_same70.o
TC6_Handler                                       src/ASF/sam/utils/cmsis/same70/source/templates/gcc/startup_same70.o
TC7_Handler                                       src/ASF/sam/utils/cmsis/same70/source/templates/gcc/startup_same70.o
TC8_Handler                                       src/ASF/sam/utils/cmsis/same70/source/templates/gcc/startup_same70.o
TC9_Handler                                       src/ASF/sam/utils/cmsis/same70/source/templates/gcc/startup_same70.o
TRNG_Handler                                      src/ASF/sam/utils/cmsis/same70/source/templates/gcc/startup_same70.o
TWIHS0_Handler                                    src/ASF/sam/utils/cmsis/same70/source/templates/gcc/startup_same70.o
TWIHS1_Handler                                    src/ASF/sam/utils/cmsis/same70/source/templates/gcc/startup_same70.o
TWIHS2_Handler                                    src/ASF/sam/utils/cmsis/same70/source/templates/gcc/startup_same70.o
UART0_Handler                                     src/ASF/sam/utils/cmsis/same70/source/templates/gcc/startup_same70.o
UART1_Handler                                     src/ASF/sam/utils/cmsis/same70/source/templates/gcc/startup_same70.o
UART2_Handler                                     src/ASF/sam/utils/cmsis/same70/source/templates/gcc/startup_same70.o
UART3_Handler                                     src/ASF/sam/utils/cmsis/same70/source/templates/gcc/startup_same70.o
UART4_Handler                                     src/ASF/sam/utils/cmsis/same70/source/templates/gcc/startup_same70.o
USART0_Handler                                    src/ASF/sam/utils/cmsis/same70/source/templates/gcc/startup_same70.o
USART1_Handler                                    src/ASF/sam/utils/cmsis/same70/source/templates/gcc/startup_same70.o
USART2_Handler                                    src/ASF/sam/utils/cmsis/same70/source/templates/gcc/startup_same70.o
USBHS_Handler                                     src/ASF/sam/utils/cmsis/same70/source/templates/gcc/startup_same70.o
UsageFault_Handler                                src/ASF/sam/utils/cmsis/same70/source/templates/gcc/startup_same70.o
WDT_Handler                                       src/ASF/sam/utils/cmsis/same70/source/templates/gcc/startup_same70.o
XDMAC_Handler                                     src/ASF/sam/utils/cmsis/same70/source/templates/gcc/startup_same70.o
_Jv_RegisterClasses                               c:/program files (x86)/atmel/studio/7.0/toolchain/arm/arm-gnu-toolchain/bin/../lib/gcc/arm-none-eabi/6.3.1/thumb/v7e-m/crtbegin.o
__aeabi_idiv0                                     c:/program files (x86)/atmel/studio/7.0/toolchain/arm/arm-gnu-toolchain/bin/../lib/gcc/arm-none-eabi/6.3.1/thumb/v7e-m\libgcc.a(_dvmd_tls.o)
__aeabi_ldiv0                                     c:/program files (x86)/atmel/studio/7.0/toolchain/arm/arm-gnu-toolchain/bin/../lib/gcc/arm-none-eabi/6.3.1/thumb/v7e-m\libgcc.a(_dvmd_tls.o)
                                                  c:/program files (x86)/atmel/studio/7.0/toolchain/arm/arm-gnu-toolchain/bin/../lib/gcc/arm-none-eabi/6.3.1/thumb/v7e-m\libgcc.a(_aeabi_uldivmod.o)
__aeabi_uldivmod                                  c:/program files (x86)/atmel/studio/7.0/toolchain/arm/arm-gnu-toolchain/bin/../lib/gcc/arm-none-eabi/6.3.1/thumb/v7e-m\libgcc.a(_aeabi_uldivmod.o)
                                                  src/main.o
__atexit_recursive_mutex                          c:/program files (x86)/atmel/studio/7.0/toolchain/arm/arm-gnu-toolchain/bin/../lib/gcc/arm-none-eabi/6.3.1/../../../../arm-none-eabi/lib/thumb/v7e-m\libc.a(lib_a-__call_atexit.o)
                                                  c:/program files (x86)/atmel/studio/7.0/toolchain/arm/arm-gnu-toolchain/bin/../lib/gcc/arm-none-eabi/6.3.1/../../../../arm-none-eabi/lib/thumb/v7e-m\libc.a(lib_a-__atexit.o)
__bss_end__                                       c:/program files (x86)/atmel/studio/7.0/toolchain/arm/arm-gnu-toolchain/bin/../lib/gcc/arm-none-eabi/6.3.1/../../../../arm-none-eabi/lib/thumb/v7e-m/crt0.o
__bss_start__                                     c:/program files (x86)/atmel/studio/7.0/toolchain/arm/arm-gnu-toolchain/bin/../lib/gcc/arm-none-eabi/6.3.1/../../../../arm-none-eabi/lib/thumb/v7e-m/crt0.o
__call_exitprocs                                  c:/program files (x86)/atmel/studio/7.0/toolchain/arm/arm-gnu-toolchain/bin/../lib/gcc/arm-none-eabi/6.3.1/../../../../arm-none-eabi/lib/thumb/v7e-m\libc.a(lib_a-__call_atexit.o)
                                                  c:/program files (x86)/atmel/studio/7.0/toolchain/arm/arm-gnu-toolchain/bin/../lib/gcc/arm-none-eabi/6.3.1/../../../../arm-none-eabi/lib/thumb/v7e-m\libc.a(lib_a-exit.o)
__deregister_frame_info                           c:/program files (x86)/atmel/studio/7.0/toolchain/arm/arm-gnu-toolchain/bin/../lib/gcc/arm-none-eabi/6.3.1/thumb/v7e-m/crtbegin.o
__dso_handle                                      c:/program files (x86)/atmel/studio/7.0/toolchain/arm/arm-gnu-toolchain/bin/../lib/gcc/arm-none-eabi/6.3.1/thumb/v7e-m/crtbegin.o
__fini_array_end                                  c:/program files (x86)/atmel/studio/7.0/toolchain/arm/arm-gnu-toolchain/bin/../lib/gcc/arm-none-eabi/6.3.1/../../../../arm-none-eabi/lib/thumb/v7e-m\libc.a(lib_a-fini.o)
__fini_array_start                                c:/program files (x86)/atmel/studio/7.0/toolchain/arm/arm-gnu-toolchain/bin/../lib/gcc/arm-none-eabi/6.3.1/../../../../arm-none-eabi/lib/thumb/v7e-m\libc.a(lib_a-fini.o)
__init_array_end                                  c:/program files (x86)/atmel/studio/7.0/toolchain/arm/arm-gnu-toolchain/bin/../lib/gcc/arm-none-eabi/6.3.1/../../../../arm-none-eabi/lib/thumb/v7e-m\libc.a(lib_a-init.o)
__init_array_start                                c:/program files (x86)/atmel/studio/7.0/toolchain/arm/arm-gnu-toolchain/bin/../lib/gcc/arm-none-eabi/6.3.1/../../../../arm-none-eabi/lib/thumb/v7e-m\libc.a(lib_a-init.o)
__libc_fini                                       c:/program files (x86)/atmel/studio/7.0/toolchain/arm/arm-gnu-toolchain/bin/../lib/gcc/arm-none-eabi/6.3.1/../../../../arm-none-eabi/lib/thumb/v7e-m\libc.a(lib_a-__call_atexit.o)
__libc_fini_array                                 c:/program files (x86)/atmel/studio/7.0/toolchain/arm/arm-gnu-toolchain/bin/../lib/gcc/arm-none-eabi/6.3.1/../../../../arm-none-eabi/lib/thumb/v7e-m\libc.a(lib_a-fini.o)
                                                  c:/program files (x86)/atmel/studio/7.0/toolchain/arm/arm-gnu-toolchain/bin/../lib/gcc/arm-none-eabi/6.3.1/../../../../arm-none-eabi/lib/thumb/v7e-m\libc.a(lib_a-__call_atexit.o)
                                                  c:/program files (x86)/atmel/studio/7.0/toolchain/arm/arm-gnu-toolchain/bin/../lib/gcc/arm-none-eabi/6.3.1/../../../../arm-none-eabi/lib/thumb/v7e-m/crt0.o
__libc_init_array                                 c:/program files (x86)/atmel/studio/7.0/toolchain/arm/arm-gnu-toolchain/bin/../lib/gcc/arm-none-eabi/6.3.1/../../../../arm-none-eabi/lib/thumb/v7e-m\libc.a(lib_a-init.o)
                                                  src/ASF/sam/utils/cmsis/same70/source/templates/gcc/startup_same70.o
                                                  c:/program files (x86)/atmel/studio/7.0/toolchain/arm/arm-gnu-toolchain/bin/../lib/gcc/arm-none-eabi/6.3.1/../../../../arm-none-eabi/lib/thumb/v7e-m/crt0.o
__lock___arc4random_mutex                         c:/program files (x86)/atmel/studio/7.0/toolchain/arm/arm-gnu-toolchain/bin/../lib/gcc/arm-none-eabi/6.3.1/../../../../arm-none-eabi/lib/thumb/v7e-m\libc.a(lib_a-lock.o)
__lock___at_quick_exit_mutex                      c:/program files (x86)/atmel/studio/7.0/toolchain/arm/arm-gnu-toolchain/bin/../lib/gcc/arm-none-eabi/6.3.1/../../../../arm-none-eabi/lib/thumb/v7e-m\libc.a(lib_a-lock.o)
__lock___atexit_recursive_mutex                   c:/program files (x86)/atmel/studio/7.0/toolchain/arm/arm-gnu-toolchain/bin/../lib/gcc/arm-none-eabi/6.3.1/../../../../arm-none-eabi/lib/thumb/v7e-m\libc.a(lib_a-lock.o)
                                                  c:/program files (x86)/atmel/studio/7.0/toolchain/arm/arm-gnu-toolchain/bin/../lib/gcc/arm-none-eabi/6.3.1/../../../../arm-none-eabi/lib/thumb/v7e-m\libc.a(lib_a-__call_atexit.o)
__lock___dd_hash_mutex                            c:/program files (x86)/atmel/studio/7.0/toolchain/arm/arm-gnu-toolchain/bin/../lib/gcc/arm-none-eabi/6.3.1/../../../../arm-none-eabi/lib/thumb/v7e-m\libc.a(lib_a-lock.o)
__lock___env_recursive_mutex                      c:/program files (x86)/atmel/studio/7.0/toolchain/arm/arm-gnu-toolchain/bin/../lib/gcc/arm-none-eabi/6.3.1/../../../../arm-none-eabi/lib/thumb/v7e-m\libc.a(lib_a-lock.o)
__lock___malloc_recursive_mutex                   c:/program files (x86)/atmel/studio/7.0/toolchain/arm/arm-gnu-toolchain/bin/../lib/gcc/arm-none-eabi/6.3.1/../../../../arm-none-eabi/lib/thumb/v7e-m\libc.a(lib_a-lock.o)
__lock___sfp_recursive_mutex                      c:/program files (x86)/atmel/studio/7.0/toolchain/arm/arm-gnu-toolchain/bin/../lib/gcc/arm-none-eabi/6.3.1/../../../../arm-none-eabi/lib/thumb/v7e-m\libc.a(lib_a-lock.o)
__lock___sinit_recursive_mutex                    c:/program files (x86)/atmel/studio/7.0/toolchain/arm/arm-gnu-toolchain/bin/../lib/gcc/arm-none-eabi/6.3.1/../../../../arm-none-eabi/lib/thumb/v7e-m\libc.a(lib_a-lock.o)
__lock___tz_mutex                                 c:/program files (x86)/atmel/studio/7.0/toolchain/arm/arm-gnu-toolchain/bin/../lib/gcc/arm-none-eabi/6.3.1/../../../../arm-none-eabi/lib/thumb/v7e-m\libc.a(lib_a-lock.o)
__preinit_array_end                               c:/program files (x86)/atmel/studio/7.0/toolchain/arm/arm-gnu-toolchain/bin/../lib/gcc/arm-none-eabi/6.3.1/../../../../arm-none-eabi/lib/thumb/v7e-m\libc.a(lib_a-init.o)
__preinit_array_start                             c:/program files (x86)/atmel/studio/7.0/toolchain/arm/arm-gnu-toolchain/bin/../lib/gcc/arm-none-eabi/6.3.1/../../../../arm-none-eabi/lib/thumb/v7e-m\libc.a(lib_a-init.o)
__ram_end__                                       src/ASF/sam/utils/syscalls/gcc/syscalls.o
__register_exitproc                               c:/program files (x86)/atmel/studio/7.0/toolchain/arm/arm-gnu-toolchain/bin/../lib/gcc/arm-none-eabi/6.3.1/../../../../arm-none-eabi/lib/thumb/v7e-m\libc.a(lib_a-__atexit.o)
                                                  c:/program files (x86)/atmel/studio/7.0/toolchain/arm/arm-gnu-toolchain/bin/../lib/gcc/arm-none-eabi/6.3.1/../../../../arm-none-eabi/lib/thumb/v7e-m\libc.a(lib_a-atexit.o)
__register_frame_info                             c:/program files (x86)/atmel/studio/7.0/toolchain/arm/arm-gnu-toolchain/bin/../lib/gcc/arm-none-eabi/6.3.1/thumb/v7e-m/crtbegin.o
__retarget_lock_acquire                           c:/program files (x86)/atmel/studio/7.0/toolchain/arm/arm-gnu-toolchain/bin/../lib/gcc/arm-none-eabi/6.3.1/../../../../arm-none-eabi/lib/thumb/v7e-m\libc.a(lib_a-lock.o)
__retarget_lock_acquire_recursive                 c:/program files (x86)/atmel/studio/7.0/toolchain/arm/arm-gnu-toolchain/bin/../lib/gcc/arm-none-eabi/6.3.1/../../../../arm-none-eabi/lib/thumb/v7e-m\libc.a(lib_a-lock.o)
                                                  c:/program files (x86)/atmel/studio/7.0/toolchain/arm/arm-gnu-toolchain/bin/../lib/gcc/arm-none-eabi/6.3.1/../../../../arm-none-eabi/lib/thumb/v7e-m\libc.a(lib_a-__atexit.o)
                                                  c:/program files (x86)/atmel/studio/7.0/toolchain/arm/arm-gnu-toolchain/bin/../lib/gcc/arm-none-eabi/6.3.1/../../../../arm-none-eabi/lib/thumb/v7e-m\libc.a(lib_a-__call_atexit.o)
__retarget_lock_close                             c:/program files (x86)/atmel/studio/7.0/toolchain/arm/arm-gnu-toolchain/bin/../lib/gcc/arm-none-eabi/6.3.1/../../../../arm-none-eabi/lib/thumb/v7e-m\libc.a(lib_a-lock.o)
__retarget_lock_close_recursive                   c:/program files (x86)/atmel/studio/7.0/toolchain/arm/arm-gnu-toolchain/bin/../lib/gcc/arm-none-eabi/6.3.1/../../../../arm-none-eabi/lib/thumb/v7e-m\libc.a(lib_a-lock.o)
__retarget_lock_init                              c:/program files (x86)/atmel/studio/7.0/toolchain/arm/arm-gnu-toolchain/bin/../lib/gcc/arm-none-eabi/6.3.1/../../../../arm-none-eabi/lib/thumb/v7e-m\libc.a(lib_a-lock.o)
__retarget_lock_init_recursive                    c:/program files (x86)/atmel/studio/7.0/toolchain/arm/arm-gnu-toolchain/bin/../lib/gcc/arm-none-eabi/6.3.1/../../../../arm-none-eabi/lib/thumb/v7e-m\libc.a(lib_a-lock.o)
__retarget_lock_release                           c:/program files (x86)/atmel/studio/7.0/toolchain/arm/arm-gnu-toolchain/bin/../lib/gcc/arm-none-eabi/6.3.1/../../../../arm-none-eabi/lib/thumb/v7e-m\libc.a(lib_a-lock.o)
__retarget_lock_release_recursive                 c:/program files (x86)/atmel/studio/7.0/toolchain/arm/arm-gnu-toolchain/bin/../lib/gcc/arm-none-eabi/6.3.1/../../../../arm-none-eabi/lib/thumb/v7e-m\libc.a(lib_a-lock.o)
                                                  c:/program files (x86)/atmel/studio/7.0/toolchain/arm/arm-gnu-toolchain/bin/../lib/gcc/arm-none-eabi/6.3.1/../../../../arm-none-eabi/lib/thumb/v7e-m\libc.a(lib_a-__atexit.o)
                                                  c:/program files (x86)/atmel/studio/7.0/toolchain/arm/arm-gnu-toolchain/bin/../lib/gcc/arm-none-eabi/6.3.1/../../../../arm-none-eabi/lib/thumb/v7e-m\libc.a(lib_a-__call_atexit.o)
__retarget_lock_try_acquire                       c:/program files (x86)/atmel/studio/7.0/toolchain/arm/arm-gnu-toolchain/bin/../lib/gcc/arm-none-eabi/6.3.1/../../../../arm-none-eabi/lib/thumb/v7e-m\libc.a(lib_a-lock.o)
__retarget_lock_try_acquire_recursive             c:/program files (x86)/atmel/studio/7.0/toolchain/arm/arm-gnu-toolchain/bin/../lib/gcc/arm-none-eabi/6.3.1/../../../../arm-none-eabi/lib/thumb/v7e-m\libc.a(lib_a-lock.o)
__stack                                           c:/program files (x86)/atmel/studio/7.0/toolchain/arm/arm-gnu-toolchain/bin/../lib/gcc/arm-none-eabi/6.3.1/../../../../arm-none-eabi/lib/thumb/v7e-m/crt0.o
__udivmoddi4                                      c:/program files (x86)/atmel/studio/7.0/toolchain/arm/arm-gnu-toolchain/bin/../lib/gcc/arm-none-eabi/6.3.1/thumb/v7e-m\libgcc.a(_udivmoddi4.o)
                                                  c:/program files (x86)/atmel/studio/7.0/toolchain/arm/arm-gnu-toolchain/bin/../lib/gcc/arm-none-eabi/6.3.1/thumb/v7e-m\libgcc.a(_aeabi_uldivmod.o)
_close                                            src/ASF/sam/utils/syscalls/gcc/syscalls.o
_end                                              src/ASF/sam/utils/syscalls/gcc/syscalls.o
_erelocate                                        src/ASF/sam/utils/cmsis/same70/source/templates/gcc/startup_same70.o
_estack                                           src/ASF/sam/utils/cmsis/same70/source/templates/gcc/startup_same70.o
_etext                                            src/ASF/sam/utils/cmsis/same70/source/templates/gcc/startup_same70.o
_exit                                             src/ASF/sam/utils/syscalls/gcc/syscalls.o
                                                  c:/program files (x86)/atmel/studio/7.0/toolchain/arm/arm-gnu-toolchain/bin/../lib/gcc/arm-none-eabi/6.3.1/../../../../arm-none-eabi/lib/thumb/v7e-m\libc.a(lib_a-exit.o)
_ezero                                            src/ASF/sam/utils/cmsis/same70/source/templates/gcc/startup_same70.o
_fini                                             c:/program files (x86)/atmel/studio/7.0/toolchain/arm/arm-gnu-toolchain/bin/../lib/gcc/arm-none-eabi/6.3.1/thumb/v7e-m/crti.o
                                                  c:/program files (x86)/atmel/studio/7.0/toolchain/arm/arm-gnu-toolchain/bin/../lib/gcc/arm-none-eabi/6.3.1/../../../../arm-none-eabi/lib/thumb/v7e-m\libc.a(lib_a-fini.o)
_fstat                                            src/ASF/sam/utils/syscalls/gcc/syscalls.o
_getpid                                           src/ASF/sam/utils/syscalls/gcc/syscalls.o
_global_impure_ptr                                c:/program files (x86)/atmel/studio/7.0/toolchain/arm/arm-gnu-toolchain/bin/../lib/gcc/arm-none-eabi/6.3.1/../../../../arm-none-eabi/lib/thumb/v7e-m\libc.a(lib_a-impure.o)
                                                  c:/program files (x86)/atmel/studio/7.0/toolchain/arm/arm-gnu-toolchain/bin/../lib/gcc/arm-none-eabi/6.3.1/../../../../arm-none-eabi/lib/thumb/v7e-m\libc.a(lib_a-__atexit.o)
                                                  c:/program files (x86)/atmel/studio/7.0/toolchain/arm/arm-gnu-toolchain/bin/../lib/gcc/arm-none-eabi/6.3.1/../../../../arm-none-eabi/lib/thumb/v7e-m\libc.a(lib_a-__call_atexit.o)
                                                  c:/program files (x86)/atmel/studio/7.0/toolchain/arm/arm-gnu-toolchain/bin/../lib/gcc/arm-none-eabi/6.3.1/../../../../arm-none-eabi/lib/thumb/v7e-m\libc.a(lib_a-exit.o)
_impure_ptr                                       c:/program files (x86)/atmel/studio/7.0/toolchain/arm/arm-gnu-toolchain/bin/../lib/gcc/arm-none-eabi/6.3.1/../../../../arm-none-eabi/lib/thumb/v7e-m\libc.a(lib_a-impure.o)
_init                                             c:/program files (x86)/atmel/studio/7.0/toolchain/arm/arm-gnu-toolchain/bin/../lib/gcc/arm-none-eabi/6.3.1/thumb/v7e-m/crti.o
                                                  c:/program files (x86)/atmel/studio/7.0/toolchain/arm/arm-gnu-toolchain/bin/../lib/gcc/arm-none-eabi/6.3.1/../../../../arm-none-eabi/lib/thumb/v7e-m\libc.a(lib_a-init.o)
_isatty                                           src/ASF/sam/utils/syscalls/gcc/syscalls.o
_kill                                             src/ASF/sam/utils/syscalls/gcc/syscalls.o
_lseek                                            src/ASF/sam/utils/syscalls/gcc/syscalls.o
_mainCRTStartup                                   c:/program files (x86)/atmel/studio/7.0/toolchain/arm/arm-gnu-toolchain/bin/../lib/gcc/arm-none-eabi/6.3.1/../../../../arm-none-eabi/lib/thumb/v7e-m/crt0.o
_read                                             src/ASF/common/utils/stdio/read.o
_sbrk                                             src/ASF/sam/utils/syscalls/gcc/syscalls.o
_sfixed                                           src/ASF/sam/utils/cmsis/same70/source/templates/gcc/startup_same70.o
_srelocate                                        src/ASF/sam/utils/cmsis/same70/source/templates/gcc/startup_same70.o
_start                                            c:/program files (x86)/atmel/studio/7.0/toolchain/arm/arm-gnu-toolchain/bin/../lib/gcc/arm-none-eabi/6.3.1/../../../../arm-none-eabi/lib/thumb/v7e-m/crt0.o
_szero                                            src/ASF/sam/utils/cmsis/same70/source/templates/gcc/startup_same70.o
_write                                            src/ASF/common/utils/stdio/write.o
afec_callback_pointer                             src/ASF/sam/drivers/afec/afec.o
afec_ch_get_config_defaults                       src/ASF/sam/drivers/afec/afec.o
afec_ch_set_config                                src/ASF/sam/drivers/afec/afec.o
afec_configure_auto_error_correction              src/ASF/sam/drivers/afec/afec.o
afec_configure_sequence                           src/ASF/sam/drivers/afec/afec.o
afec_disable                                      src/ASF/sam/drivers/afec/afec.o
afec_disable_interrupt                            src/ASF/sam/drivers/afec/afec.o
afec_enable                                       src/ASF/sam/drivers/afec/afec.o
afec_enable_interrupt                             src/ASF/sam/drivers/afec/afec.o
afec_get_config_defaults                          src/ASF/sam/drivers/afec/afec.o
afec_get_correction_value                         src/ASF/sam/drivers/afec/afec.o
afec_init                                         src/ASF/sam/drivers/afec/afec.o
afec_set_callback                                 src/ASF/sam/drivers/afec/afec.o
afec_set_comparison_mode                          src/ASF/sam/drivers/afec/afec.o
afec_set_power_mode                               src/ASF/sam/drivers/afec/afec.o
afec_set_sample_hold_mode                         src/ASF/sam/drivers/afec/afec.o
afec_temp_sensor_get_config_defaults              src/ASF/sam/drivers/afec/afec.o
afec_temp_sensor_set_config                       src/ASF/sam/drivers/afec/afec.o
atexit                                            c:/program files (x86)/atmel/studio/7.0/toolchain/arm/arm-gnu-toolchain/bin/../lib/gcc/arm-none-eabi/6.3.1/../../../../arm-none-eabi/lib/thumb/v7e-m\libc.a(lib_a-atexit.o)
                                                  c:/program files (x86)/atmel/studio/7.0/toolchain/arm/arm-gnu-toolchain/bin/../lib/gcc/arm-none-eabi/6.3.1/../../../../arm-none-eabi/lib/thumb/v7e-m\libc.a(lib_a-__call_atexit.o)
                                                  c:/program files (x86)/atmel/studio/7.0/toolchain/arm/arm-gnu-toolchain/bin/../lib/gcc/arm-none-eabi/6.3.1/../../../../arm-none-eabi/lib/thumb/v7e-m/crt0.o
board_init                                        src/ASF/sam/boards/same70_xplained/init.o
but_callback                                      src/main.o
but_flag                                          src/main.o
cpu_irq_enter_critical                            src/ASF/common/utils/interrupt/interrupt_sam_nvic.o
cpu_irq_leave_critical                            src/ASF/common/utils/interrupt/interrupt_sam_nvic.o
efc_disable_cloe                                  src/ASF/sam/drivers/efc/efc.o
efc_disable_frdy_interrupt                        src/ASF/sam/drivers/efc/efc.o
efc_disable_write_protection                      src/ASF/sam/drivers/efc/efc.o
efc_enable_cloe                                   src/ASF/sam/drivers/efc/efc.o
efc_enable_frdy_interrupt                         src/ASF/sam/drivers/efc/efc.o
efc_enable_write_protection                       src/ASF/sam/drivers/efc/efc.o
efc_get_result                                    src/ASF/sam/drivers/efc/efc.o
                                                  src/ASF/sam/services/flash_efc/flash_efc.o
efc_get_status                                    src/ASF/sam/drivers/efc/efc.o
efc_get_wait_state                                src/ASF/sam/drivers/efc/efc.o
                                                  src/ASF/sam/services/flash_efc/flash_efc.o
efc_init                                          src/ASF/sam/drivers/efc/efc.o
                                                  src/ASF/sam/services/flash_efc/flash_efc.o
efc_perform_command                               src/ASF/sam/drivers/efc/efc.o
                                                  src/ASF/sam/services/flash_efc/flash_efc.o
efc_perform_fcr                                   src/ASF/sam/drivers/efc/efc.o
efc_perform_read_sequence                         src/ASF/sam/drivers/efc/efc.o
                                                  src/ASF/sam/services/flash_efc/flash_efc.o
efc_set_wait_state                                src/ASF/sam/drivers/efc/efc.o
                                                  src/ASF/sam/services/flash_efc/flash_efc.o
efc_write_fmr                                     src/ASF/sam/drivers/efc/efc.o
exception_table                                   src/ASF/sam/utils/cmsis/same70/source/templates/gcc/startup_same70.o
exit                                              c:/program files (x86)/atmel/studio/7.0/toolchain/arm/arm-gnu-toolchain/bin/../lib/gcc/arm-none-eabi/6.3.1/../../../../arm-none-eabi/lib/thumb/v7e-m\libc.a(lib_a-exit.o)
                                                  c:/program files (x86)/atmel/studio/7.0/toolchain/arm/arm-gnu-toolchain/bin/../lib/gcc/arm-none-eabi/6.3.1/../../../../arm-none-eabi/lib/thumb/v7e-m/crt0.o
flash_clear_gpnvm                                 src/ASF/sam/services/flash_efc/flash_efc.o
flash_enable_security_bit                         src/ASF/sam/services/flash_efc/flash_efc.o
flash_erase_all                                   src/ASF/sam/services/flash_efc/flash_efc.o
flash_erase_page                                  src/ASF/sam/services/flash_efc/flash_efc.o
flash_erase_sector                                src/ASF/sam/services/flash_efc/flash_efc.o
flash_erase_user_signature                        src/ASF/sam/services/flash_efc/flash_efc.o
flash_get_descriptor                              src/ASF/sam/services/flash_efc/flash_efc.o
flash_get_page_count                              src/ASF/sam/services/flash_efc/flash_efc.o
flash_get_page_count_per_region                   src/ASF/sam/services/flash_efc/flash_efc.o
flash_get_region_count                            src/ASF/sam/services/flash_efc/flash_efc.o
flash_get_wait_state                              src/ASF/sam/services/flash_efc/flash_efc.o
flash_init                                        src/ASF/sam/services/flash_efc/flash_efc.o
flash_is_gpnvm_set                                src/ASF/sam/services/flash_efc/flash_efc.o
flash_is_locked                                   src/ASF/sam/services/flash_efc/flash_efc.o
flash_is_security_bit_enabled                     src/ASF/sam/services/flash_efc/flash_efc.o
flash_lock                                        src/ASF/sam/services/flash_efc/flash_efc.o
flash_read_unique_id                              src/ASF/sam/services/flash_efc/flash_efc.o
flash_read_user_signature                         src/ASF/sam/services/flash_efc/flash_efc.o
flash_set_gpnvm                                   src/ASF/sam/services/flash_efc/flash_efc.o
flash_set_wait_state                              src/ASF/sam/services/flash_efc/flash_efc.o
flash_set_wait_state_adaptively                   src/ASF/sam/services/flash_efc/flash_efc.o
flash_unlock                                      src/ASF/sam/services/flash_efc/flash_efc.o
flash_write                                       src/ASF/sam/services/flash_efc/flash_efc.o
flash_write_user_signature                        src/ASF/sam/services/flash_efc/flash_efc.o
free                                              c:/program files (x86)/atmel/studio/7.0/toolchain/arm/arm-gnu-toolchain/bin/../lib/gcc/arm-none-eabi/6.3.1/../../../../arm-none-eabi/lib/thumb/v7e-m\libc.a(lib_a-__call_atexit.o)
g_interrupt_enabled                               src/ASF/common/utils/interrupt/interrupt_sam_nvic.o
                                                  src/ASF/sam/utils/cmsis/same70/source/templates/gcc/startup_same70.o
                                                  src/ASF/sam/drivers/sdramc/sdramc.o
                                                  src/ASF/sam/drivers/pmc/sleep.o
                                                  src/ASF/sam/drivers/mpu/mpu.o
                                                  src/ASF/sam/drivers/efc/efc.o
                                                  src/ASF/sam/drivers/afec/afec.o
gfont                                             src/ASF/sam/components/display/ili9488/ili9488.o
hardware_init_hook                                c:/program files (x86)/atmel/studio/7.0/toolchain/arm/arm-gnu-toolchain/bin/../lib/gcc/arm-none-eabi/6.3.1/../../../../arm-none-eabi/lib/thumb/v7e-m/crt0.o
ili9488_copy_pixels_from_screen                   src/ASF/sam/components/display/ili9488/ili9488.o
ili9488_copy_pixels_to_screen                     src/ASF/sam/components/display/ili9488/ili9488.o
ili9488_delay                                     src/ASF/sam/components/display/ili9488/ili9488.o
ili9488_display_off                               src/ASF/sam/components/display/ili9488/ili9488.o
ili9488_display_on                                src/ASF/sam/components/display/ili9488/ili9488.o
ili9488_draw_circle                               src/ASF/sam/components/display/ili9488/ili9488.o
ili9488_draw_filled_circle                        src/ASF/sam/components/display/ili9488/ili9488.o
ili9488_draw_filled_rectangle                     src/ASF/sam/components/display/ili9488/ili9488.o
ili9488_draw_line                                 src/ASF/sam/components/display/ili9488/ili9488.o
ili9488_draw_pixel                                src/ASF/sam/components/display/ili9488/ili9488.o
ili9488_draw_pixmap                               src/ASF/sam/components/display/ili9488/ili9488.o
ili9488_draw_pixmap_matrix_gray                   src/ASF/sam/components/display/ili9488/ili9488.o
ili9488_draw_prepare                              src/ASF/sam/components/display/ili9488/ili9488.o
ili9488_draw_rectangle                            src/ASF/sam/components/display/ili9488/ili9488.o
ili9488_draw_string                               src/ASF/sam/components/display/ili9488/ili9488.o
ili9488_duplicate_pixel                           src/ASF/sam/components/display/ili9488/ili9488.o
ili9488_fill                                      src/ASF/sam/components/display/ili9488/ili9488.o
ili9488_get_pixel                                 src/ASF/sam/components/display/ili9488/ili9488.o
ili9488_init                                      src/ASF/sam/components/display/ili9488/ili9488.o
ili9488_read_gram                                 src/ASF/sam/components/display/ili9488/ili9488.o
ili9488_scroll                                    src/ASF/sam/components/display/ili9488/ili9488.o
ili9488_set_bottom_right_limit                    src/ASF/sam/components/display/ili9488/ili9488.o
ili9488_set_cursor_position                       src/ASF/sam/components/display/ili9488/ili9488.o
ili9488_set_display_direction                     src/ASF/sam/components/display/ili9488/ili9488.o
ili9488_set_foreground_color                      src/ASF/sam/components/display/ili9488/ili9488.o
ili9488_set_limits                                src/ASF/sam/components/display/ili9488/ili9488.o
ili9488_set_orientation                           src/ASF/sam/components/display/ili9488/ili9488.o
ili9488_set_scroll_address                        src/ASF/sam/components/display/ili9488/ili9488.o
ili9488_set_top_left_limit                        src/ASF/sam/components/display/ili9488/ili9488.o
ili9488_set_window                                src/ASF/sam/components/display/ili9488/ili9488.o
ili9488_write_brightness                          src/ASF/sam/components/display/ili9488/ili9488.o
ili9488_write_gram                                src/ASF/sam/components/display/ili9488/ili9488.o
io_init                                           src/main.o
link                                              src/ASF/sam/utils/syscalls/gcc/syscalls.o